[Licensing::Module] Trying to connect to existing licensing client channel...
Built from '6000.5/staging' branch; Version is '6000.5.6f1 (0e0577a1a2ac) revision 918903'; Using compiler version '194234433'; Build Type 'Release'
[Licensing::IpcConnector] Channel LicenseClient-Astra doesn't exist
OS: 'Windows 11  (10.0.26200) Core' Language: 'ja' Physical Memory: 32489 MB
BatchMode: 1, IsHumanControllingUs: 0, StartBugReporterOnCrash: 0, Is64bit: 1
System  architecture: x64
Process architecture: x64
Date: 2026-08-25T10:02:35Z
[Licensing::Module] Successfully launched the LicensingClient (PId: 10964)

COMMAND LINE ARGUMENTS:
C:\Program Files\Unity\Hub\Editor\6000.5.6f1\Editor\Unity.exe
-batchmode
-projectPath
C:\Users\Astra\Desktop\sao\XRunity
-executeMethod
MVL.BatchEntry.Run
-sceneJson
C:\Users\Astra\Desktop\sao\runs\study_room_seed1_20260825_182542\iter_08\scene.json
-outDir
C:\Users\Astra\Desktop\sao\runs\study_room_seed1_20260825_182542\iter_08\capture
-logFile
runs\study_room_seed1_20260825_182542\iter_08\capture\unity.log
-quit
Successfully changed project path to: C:\Users\Astra\Desktop\sao\XRunity
C:/Users/Astra/Desktop/sao/XRunity
[UnityMemory] Configuration Parameters - Can be set up in boot.config
    "memorysetup-temp-allocator-size-gi-baking-worker=262144"
    "memorysetup-temp-allocator-size-gi-baking-worker=262144"
    "memorysetup-temp-allocator-size-gi-baking-worker=262144"
    "memorysetup-temp-allocator-size-gi-baking-worker=262144"
    "memorysetup-temp-allocator-size-gi-baking-worker=262144"
    "memorysetup-temp-allocator-size-nav-mesh-worker=65536"
    "memorysetup-temp-allocator-size-audio-worker=65536"
    "memorysetup-temp-allocator-size-cloud-worker=32768"
    "memorysetup-temp-allocator-size-gfx=262144"
    "memorysetup-temp-allocator-size-preload-manager=33554432"
    "memorysetup-allocator-temp-initial-block-size-main=262144"
    "memorysetup-allocator-temp-initial-block-size-worker=262144"
    "memorysetup-temp-allocator-size-job-worker=262144"
    "memorysetup-temp-allocator-size-background-worker=32768"
    "memorysetup-bucket-allocator-granularity=16"
    "memorysetup-bucket-allocator-bucket-count=8"
    "memorysetup-bucket-allocator-block-size=33554432"
    "memorysetup-bucket-allocator-block-count=8"
    "memorysetup-main-allocator-block-size=16777216"
    "memorysetup-thread-allocator-block-size=16777216"
    "memorysetup-main-allocator-mimalloc-enabled=0"
    "memorysetup-gfx-main-allocator-block-size=16777216"
    "memorysetup-gfx-thread-allocator-block-size=16777216"
    "memorysetup-cache-allocator-block-size=4194304"
    "memorysetup-typetree-allocator-block-size=2097152"
    "memorysetup-profiler-bucket-allocator-granularity=16"
    "memorysetup-profiler-bucket-allocator-bucket-count=8"
    "memorysetup-profiler-bucket-allocator-block-size=33554432"
    "memorysetup-profiler-bucket-allocator-block-count=8"
    "memorysetup-profiler-allocator-block-size=16777216"
    "memorysetup-profiler-editor-allocator-block-size=1048576"
    "memorysetup-temp-allocator-size-main=16777216"
    "memorysetup-job-temp-allocator-block-size=2097152"
    "memorysetup-job-temp-allocator-block-size-background=1048576"
    "memorysetup-job-temp-allocator-reduction-small-platforms=262144"
Logging is directed to a specific file, skipping project log.Player connection [19712]  Target information:

Player connection [19712]  * "[IP] 192.168.11.21 [Port] 55504 [Flags] 2 [Guid] 2186674302 [EditorId] 2186674302 [Version] 1048832 [Id] WindowsEditor(7,Astra) [Debug] 1 [PackageName] WindowsEditor [ProjectName] Editor" 

Player connection [19712] Host joined multi-casting on [225.0.0.222:54997]...
Player connection [19712] Host joined alternative multi-casting on [225.0.0.222:34997]...
Input System module state changed to: Initialized.
[Physics::Module] Initialized fallback backend.
[Physics::Module] Id: 0xdecafbad
[Package Manager] Connected to IPC stream "Upm-25252" after 0.2 seconds.
[Licensing::Module] Licensing is not yet initialized.
[Licensing::IpcConnector] Successfully connected to: "LicenseClient-Astra" at "2026-08-25T10:02:35.5017126Z"
[Licensing::Client] Code 10 while verifying Licensing Client signature (process Id: 10964, path: "C:/Program Files/Unity/Hub/Editor/6000.5.6f1/Editor/Data/Resources/Licensing/Client/Unity.Licensing.Client.exe")
[Licensing::Module] LicensingClient has failed validation; ignoring
[Licensing::Client] Handshaking with LicensingClient:
  Version:                 1.18.1+9fbee8e
  Session Id:              a729a492a19e4e1d9fba8e5a8bf5d003
  Correlation Id:          50e3ca910c85661b82a5c4d68adb505b
  External correlation Id: 672248298646610829
  Machine Id:              oAYJDH4P/caT3pCWtAsI7jts7Wk=
[Licensing::Module] Successfully connected to LicensingClient on channel: "LicenseClient-Astra" (connect: 0.37s, validation: 0.06s, handshake: 0.02s)
[Licensing::IpcConnector] Successfully connected to: "LicenseClient-Astra-notifications" at "2026-08-25T10:02:35.5861348Z"
[Licensing::Module] Connected to LicensingClient (PId: 10964, launch time: 0.00, total connection time: 0.46s)
[Licensing::Module] Error: Access token is unavailable; failed to update
[Licensing::Client] Successfully resolved entitlement details
[Licensing::Module] License group:
  Id: 15669536166605-UnityPersXXXX
  Product: Unity Personal
  Type: Assigned
  Expiration: Unlimited
[Licensing::Client] Successfully updated license, isAsync: True, time: 0.01
[Licensing::Client] Successfully resolved entitlement details
[Licensing::Module] Licensing Background thread has ended after 0.48s
[Licensing::Module] Licensing is initialized (took 0.18s).
[Licensing::Client] Successfully resolved entitlement details
Library Redirect Path: Library/
[Physics::Module] Selected backend.
[Physics::Module] Name: PhysX
[Physics::Module] Id: 0xf2b8ea05
[Physics::Module] SDK Version: 4.1.2
[Physics::Module] Integration Version: 1.0.0
[Physics::Module] Threading Mode: Multi-Threaded
Artifact Garbage Collection - Removed 1 unused hashed content files
Initialize engine version: 6000.5.6f1 (0e0577a1a2ac)
[Subsystems] Discovering subsystems at path C:/Program Files/Unity/Hub/Editor/6000.5.6f1/Editor/Data/Resources/UnitySubsystems
[Subsystems] Discovering subsystems at path C:/Users/Astra/Desktop/sao/XRunity/Assets
GfxDevice: creating device client; kGfxThreadingModeNonThreaded
d3d12: failed to query info queue interface (0x80004002).
Direct3D:
    Version:         Direct3D 12 [level 12.2]
    Renderer:        NVIDIA GeForce RTX 4060 Ti (ID=0x2803)
    Vendor:          NVIDIA
    VRAM:            7949 MB
    App VRAM Budget: 7181 MB
    Driver:          32.0.15.9621
Initialize mono
Mono path[0] = 'C:/Program Files/Unity/Hub/Editor/6000.5.6f1/Editor/Data/Managed'
Mono path[1] = 'C:/Program Files/Unity/Hub/Editor/6000.5.6f1/Editor/Data/BCLExtensions/runtime/netstandard2.1'
Mono path[2] = 'C:/Program Files/Unity/Hub/Editor/6000.5.6f1/Editor/Data/MonoBleedingEdge/lib/mono/unityjit-win32'
Mono config path = 'C:/Program Files/Unity/Hub/Editor/6000.5.6f1/Editor/Data/MonoBleedingEdge/etc'
Using monoOptions --debugger-agent=transport=dt_socket,embedding=1,server=y,suspend=n,address=127.0.0.1:56252
CodeReloadManager initialized
ImportWorker Server TCP listen port: 0
AcceleratorClientConnectionCallback - disconnected - :0
Begin MonoManager ReloadAssembly
Registering precompiled unity dll's ...
Register platform support module: C:/Program Files/Unity/Hub/Editor/6000.5.6f1/Editor/Data/PlaybackEngines/WebGLSupport/UnityEditor.WebGL.Extensions.dll
Register platform support module: C:/Program Files/Unity/Hub/Editor/6000.5.6f1/Editor/Data/PlaybackEngines/WindowsStandaloneSupport/UnityEditor.WindowsStandalone.Extensions.dll
Registered in 0.001341 seconds.
Native extension for WindowsStandalone target not found
Native extension for WebGL target not found
Package Manager log level set to [2]
ScheduleIndexationOnStartup MainProcess:False IndexOnStartup:True
Mono: successfully reloaded assembly
- Finished resetting the current domain, in  0.295 seconds
Domain Reload Profiling: 678ms
	BeginReloadAssembly (103ms)
		CreateAndSetChildDomain (12ms)
	RebuildCommonClasses (4ms)
	RebuildNativeTypeToScriptingClass (11ms)
	initialDomainReloadingComplete (47ms)
	LoadAllAssembliesAndSetupDomain (217ms)
		LoadAssemblies (89ms)
		AnalyzeDomain (162ms)
			TypeCache.Refresh (160ms)
				TypeCache.ScanAssembly (149ms)
	FinalizeReload (297ms)
		SetupLoadedEditorAssemblies (0ms)
			BeforeProcessingInitializeOnLoad (68ms)
			ProcessInitializeOnLoadAttributes (69ms)
			ProcessInitializeOnLoadMethodAttributes (100ms)
[Licensing::Client] Successfully resolved entitlement details
Application.AssetDatabase Initial Refresh Start
[Package Manager] Restoring resolved packages state from cache
[Licensing::Client] Successfully resolved entitlement details
[Package Manager] Registered 59 packages:
  Packages from [https://packages.unity.com]:
    com.unity.ai.navigation@2.0.14 (location: C:\Users\Astra\Desktop\sao\XRunity\Library\PackageCache\com.unity.ai.navigation@134dd6a3b97b)
    com.unity.cloud.gltfast@6.19.0 (location: C:\Users\Astra\Desktop\sao\XRunity\Library\PackageCache\com.unity.cloud.gltfast@92828f845157)
    com.unity.collab-proxy@2.13.3 (location: C:\Users\Astra\Desktop\sao\XRunity\Library\PackageCache\com.unity.collab-proxy@4f3be89e8675)
    com.unity.ide.rider@3.0.38 (location: C:\Users\Astra\Desktop\sao\XRunity\Library\PackageCache\com.unity.ide.rider@1f60b3138684)
    com.unity.ide.visualstudio@2.0.26 (location: C:\Users\Astra\Desktop\sao\XRunity\Library\PackageCache\com.unity.ide.visualstudio@a99d56dec63f)
    com.unity.inputsystem@1.20.0 (location: C:\Users\Astra\Desktop\sao\XRunity\Library\PackageCache\com.unity.inputsystem@7a4e1a2a8194)
    com.unity.timeline@1.8.12 (location: C:\Users\Astra\Desktop\sao\XRunity\Library\PackageCache\com.unity.timeline@8cd8509afae5)
    com.unity.visualscripting@1.9.11 (location: C:\Users\Astra\Desktop\sao\XRunity\Library\PackageCache\com.unity.visualscripting@8bed5ad90189)
    com.unity.burst@1.8.29 (location: C:\Users\Astra\Desktop\sao\XRunity\Library\PackageCache\com.unity.burst@6bb9aca3ef38)
    com.unity.searcher@4.9.4 (location: C:\Users\Astra\Desktop\sao\XRunity\Library\PackageCache\com.unity.searcher@d45a78918735)
    com.unity.nuget.mono-cecil@1.11.6 (location: C:\Users\Astra\Desktop\sao\XRunity\Library\PackageCache\com.unity.nuget.mono-cecil@ecb9724e46ff)
    com.unity.test-framework.performance@3.5.0 (location: C:\Users\Astra\Desktop\sao\XRunity\Library\PackageCache\com.unity.test-framework.performance@8b56083ec0f0)
  Built-in packages:
    com.unity.multiplayer.center@1.0.1 (location: C:\Users\Astra\Desktop\sao\XRunity\Library\PackageCache\com.unity.multiplayer.center@b860850997d0)
    com.unity.render-pipelines.universal@17.5.0 (location: C:\Users\Astra\Desktop\sao\XRunity\Library\PackageCache\com.unity.render-pipelines.universal@73b4c4ff130e)
    com.unity.test-framework@1.7.0 (location: C:\Users\Astra\Desktop\sao\XRunity\Library\PackageCache\com.unity.test-framework@1405238725ab)
    com.unity.ugui@2.5.0 (location: C:\Users\Astra\Desktop\sao\XRunity\Library\PackageCache\com.unity.ugui@67707a67a4ab)
    com.unity.modules.accessibility@1.0.0 (location: C:\Users\Astra\Desktop\sao\XRunity\Library\PackageCache\com.unity.modules.accessibility)
    com.unity.modules.adaptiveperformance@1.0.0 (location: C:\Users\Astra\Desktop\sao\XRunity\Library\PackageCache\com.unity.modules.adaptiveperformance)
    com.unity.modules.ai@1.0.0 (location: C:\Users\Astra\Desktop\sao\XRunity\Library\PackageCache\com.unity.modules.ai)
    com.unity.modules.androidjni@1.0.0 (location: C:\Users\Astra\Desktop\sao\XRunity\Library\PackageCache\com.unity.modules.androidjni)
    com.unity.modules.animation@1.0.0 (location: C:\Users\Astra\Desktop\sao\XRunity\Library\PackageCache\com.unity.modules.animation)
    com.unity.modules.assetbundle@1.0.0 (location: C:\Users\Astra\Desktop\sao\XRunity\Library\PackageCache\com.unity.modules.assetbundle)
    com.unity.modules.audio@1.0.0 (location: C:\Users\Astra\Desktop\sao\XRunity\Library\PackageCache\com.unity.modules.audio)
    com.unity.modules.cloth@1.0.0 (location: C:\Users\Astra\Desktop\sao\XRunity\Library\PackageCache\com.unity.modules.cloth)
    com.unity.modules.director@1.0.0 (location: C:\Users\Astra\Desktop\sao\XRunity\Library\PackageCache\com.unity.modules.director)
    com.unity.modules.imageconversion@1.0.0 (location: C:\Users\Astra\Desktop\sao\XRunity\Library\PackageCache\com.unity.modules.imageconversion)
    com.unity.modules.imgui@1.0.0 (location: C:\Users\Astra\Desktop\sao\XRunity\Library\PackageCache\com.unity.modules.imgui)
    com.unity.modules.jsonserialize@1.0.0 (location: C:\Users\Astra\Desktop\sao\XRunity\Library\PackageCache\com.unity.modules.jsonserialize)
    com.unity.modules.particlesystem@1.0.0 (location: C:\Users\Astra\Desktop\sao\XRunity\Library\PackageCache\com.unity.modules.particlesystem)
    com.unity.modules.physics@1.0.0 (location: C:\Users\Astra\Desktop\sao\XRunity\Library\PackageCache\com.unity.modules.physics)
    com.unity.modules.physics2d@1.0.0 (location: C:\Users\Astra\Desktop\sao\XRunity\Library\PackageCache\com.unity.modules.physics2d)
    com.unity.modules.physicscore2d@1.0.0 (location: C:\Users\Astra\Desktop\sao\XRunity\Library\PackageCache\com.unity.modules.physicscore2d)
    com.unity.modules.screencapture@1.0.0 (location: C:\Users\Astra\Desktop\sao\XRunity\Library\PackageCache\com.unity.modules.screencapture)
    com.unity.modules.terrain@1.0.0 (location: C:\Users\Astra\Desktop\sao\XRunity\Library\PackageCache\com.unity.modules.terrain)
    com.unity.modules.terrainphysics@1.0.0 (location: C:\Users\Astra\Desktop\sao\XRunity\Library\PackageCache\com.unity.modules.terrainphysics)
    com.unity.modules.tilemap@1.0.0 (location: C:\Users\Astra\Desktop\sao\XRunity\Library\PackageCache\com.unity.modules.tilemap)
    com.unity.modules.ui@1.0.0 (location: C:\Users\Astra\Desktop\sao\XRunity\Library\PackageCache\com.unity.modules.ui)
    com.unity.modules.uielements@1.0.0 (location: C:\Users\Astra\Desktop\sao\XRunity\Library\PackageCache\com.unity.modules.uielements)
    com.unity.modules.umbra@1.0.0 (location: C:\Users\Astra\Desktop\sao\XRunity\Library\PackageCache\com.unity.modules.umbra)
    com.unity.modules.unityanalytics@1.0.0 (location: C:\Users\Astra\Desktop\sao\XRunity\Library\PackageCache\com.unity.modules.unityanalytics)
    com.unity.modules.unitywebrequest@1.0.0 (location: C:\Users\Astra\Desktop\sao\XRunity\Library\PackageCache\com.unity.modules.unitywebrequest)
    com.unity.modules.unitywebrequestassetbundle@1.0.0 (location: C:\Users\Astra\Desktop\sao\XRunity\Library\PackageCache\com.unity.modules.unitywebrequestassetbundle)
    com.unity.modules.unitywebrequestaudio@1.0.0 (location: C:\Users\Astra\Desktop\sao\XRunity\Library\PackageCache\com.unity.modules.unitywebrequestaudio)
    com.unity.modules.unitywebrequesttexture@1.0.0 (location: C:\Users\Astra\Desktop\sao\XRunity\Library\PackageCache\com.unity.modules.unitywebrequesttexture)
    com.unity.modules.unitywebrequestwww@1.0.0 (location: C:\Users\Astra\Desktop\sao\XRunity\Library\PackageCache\com.unity.modules.unitywebrequestwww)
    com.unity.modules.vectorgraphics@1.0.0 (location: C:\Users\Astra\Desktop\sao\XRunity\Library\PackageCache\com.unity.modules.vectorgraphics)
    com.unity.modules.vehicles@1.0.0 (location: C:\Users\Astra\Desktop\sao\XRunity\Library\PackageCache\com.unity.modules.vehicles)
    com.unity.modules.video@1.0.0 (location: C:\Users\Astra\Desktop\sao\XRunity\Library\PackageCache\com.unity.modules.video)
    com.unity.modules.wind@1.0.0 (location: C:\Users\Astra\Desktop\sao\XRunity\Library\PackageCache\com.unity.modules.wind)
    com.unity.modules.xr@1.0.0 (location: C:\Users\Astra\Desktop\sao\XRunity\Library\PackageCache\com.unity.modules.xr)
    com.unity.modules.subsystems@1.0.0 (location: C:\Users\Astra\Desktop\sao\XRunity\Library\PackageCache\com.unity.modules.subsystems)
    com.unity.modules.hierarchycore@1.0.0 (location: C:\Users\Astra\Desktop\sao\XRunity\Library\PackageCache\com.unity.modules.hierarchycore)
    com.unity.ext.nunit@2.1.0 (location: C:\Users\Astra\Desktop\sao\XRunity\Library\PackageCache\com.unity.ext.nunit@44f7d31723bd)
    com.unity.render-pipelines.core@17.5.0 (location: C:\Users\Astra\Desktop\sao\XRunity\Library\PackageCache\com.unity.render-pipelines.core@645717f21c5f)
    com.unity.shadergraph@17.5.0 (location: C:\Users\Astra\Desktop\sao\XRunity\Library\PackageCache\com.unity.shadergraph@8d7376ec43ee)
    com.unity.render-pipelines.universal-config@17.5.0 (location: C:\Users\Astra\Desktop\sao\XRunity\Library\PackageCache\com.unity.render-pipelines.universal-config@fdda01c80fe3)
    com.unity.collections@6.5.0 (location: C:\Users\Astra\Desktop\sao\XRunity\Library\PackageCache\com.unity.collections@a43cabe808ca)
    com.unity.mathematics@1.4.0 (location: C:\Users\Astra\Desktop\sao\XRunity\Library\PackageCache\com.unity.mathematics@981956d94fb6)
  Git packages:
    com.whinarn.unitymeshsimplifier@https://github.com/Whinarn/UnityMeshSimplifier.git (location: C:\Users\Astra\Desktop\sao\XRunity\Library\PackageCache\com.whinarn.unitymeshsimplifier@53fdb3122645)
[Subsystems] No new subsystems found in resolved package list.
[Package Manager] Done registering packages in 0.01 seconds
Starting: C:\Program Files\Unity\Hub\Editor\6000.5.6f1\Editor\Data\Tools\BuildPipeline\bee_backend.exe --ipc --defer-dag-verification --dagfile="Library/Bee/1900b0aE.dag" --continue-on-failure --profile="Library/Bee/backend1.traceevents" ScriptAssemblies
WorkingDir: C:/Users/Astra/Desktop/sao/XRunity
DisplayProgressbar: Compiling Scripts
ExitCode: 0 Duration: 0s217ms
[ 794/1017  0s] ILPP-Configuration Library/ilpp-configuration.nevergeneratedoutput
*** Tundra build success (0.19 seconds), 1 items updated, 1017 evaluated
AssetDatabase: script compilation time: 0.537413s
Begin MonoManager ReloadAssembly
Total cache size 110000676
Total cache size after purge 110000676, took 00:00:00.0820214
Native extension for WindowsStandalone target not found
Native extension for WebGL target not found
ScheduleIndexationOnStartup MainProcess:True IndexOnStartup:True
Mono: successfully reloaded assembly
- Finished resetting the current domain, in  2.215 seconds
Domain Reload Profiling: 2890ms
	BeginReloadAssembly (176ms)
		DisableScriptedObjects (24ms)
		CreateAndSetChildDomain (42ms)
	RebuildCommonClasses (6ms)
	RebuildNativeTypeToScriptingClass (11ms)
	initialDomainReloadingComplete (42ms)
	LoadAllAssembliesAndSetupDomain (440ms)
		LoadAssemblies (247ms)
		AnalyzeDomain (182ms)
			TypeCache.Refresh (127ms)
				TypeCache.ScanAssembly (117ms)
			BuildScriptInfoCaches (48ms)
			ResolveRequiredComponents (5ms)
	FinalizeReload (2215ms)
		SetupLoadedEditorAssemblies (0ms)
			BeforeProcessingInitializeOnLoad (62ms)
			ProcessInitializeOnLoadAttributes (1754ms)
			ProcessInitializeOnLoadMethodAttributes (139ms)
			AfterProcessingInitializeOnLoad (4ms)
		AwakeInstancesAfterBackupRestoration (15ms)
Starting new worker id: 0 with log in C:/Users/Astra/Desktop/sao/XRunity/Logs/AssetImportWorkerHW0.log

Asset Pipeline Refresh (id=c5237276671ef564fae2d7d465970bc3): Total: 3.933 seconds - Initiated by InitialRefreshV2(ForceSynchronousImport)
	(Values over 0.05ms)
	Summary:
		Imports: total=0 (actual=0, local cache=0, cache server=0)
		Asset DB Process Time: managed=0 ms, native=2582 ms
		Asset DB Callback time: managed=39 ms, native=14 ms
		Scripting: domain reloads=1, domain reload time=715 ms, compile time=538 ms, other=43 ms
		Project Asset Count: scripts=1417, non-scripts=2429
		Asset File Changes: new=0, changed=0, moved=0, deleted=0
		Scan Filter Count: 0
	InvokePackagesCallback: 15.186ms
	ApplyChangesToAssetFolders: 0.397ms
	Scan: 84.802ms
	Collect global state as custom dependencies: 13.787ms
	CategorizeScriptCompilationAssets: 34.695ms
	ProcessAssetsWithTransientArtifactChanges: 58.741ms
	CategorizeAssets: 35.524ms
	CompileScripts: 538.394ms
	ImportOutOfDateAssets: 2260.910ms (2227.825ms without children)
		UnloadImportedAssets: 0.546ms
		EnsureUptoDateAssetsAreRegisteredWithGuidPM: 0.418ms
		ImportSchedulerStart: 32.089ms
	PostProcessAllAssets: 39.126ms
		MonoPostProcessAllAssets: 39.080ms
			SyncVS.PostprocessSyncProject 7.805ms
			UniversalRenderPipelineGlobalSettingsPostprocessor.OnPostprocessAllAssets 7.520ms
			WindowAssetPostprocessingWatcher.OnPostprocessAllAssets 1.575ms
			SpeedTree9Postprocessor.OnPostprocessAllAssets 1.291ms
			EditModeScopePostprocessor.OnPostprocessAllAssets 0.684ms
			RenderPipelineGlobalSettingsPostprocessor.OnPostprocessAllAssets 0.566ms
			InputActionAssetPostprocessor.OnPostprocessAllAssets 0.313ms
			ShaderReflectionAssetPostProcessor.OnPostprocessAllAssets 0.260ms
			ReferencedClipsPostProcessor.OnPostprocessAllAssets 0.196ms
			TerrainToolbarOverlayPostProcessor.OnPostprocessAllAssets 0.156ms
			AssetDatabaseCallbacks.OnPostprocessAllAssets 0.129ms
			ProjectSettingsPostprocessor.OnPostprocessAllAssets 0.121ms
	UnloadStreamsBegin: 2.456ms
	PersistCurrentRevisions: 0.101ms
	GenerateScriptTypeHashes: 0.991ms
	GenerateScriptTypeSerializationHashes: 1.800ms
	Untracked: 843.502ms

Application.AssetDatabase Initial Refresh End
Launched and connected shader compiler UnityShaderCompiler.exe after 0.01 seconds
Scanning for USB devices : 5.781ms
Initializing Unity extensions:
[MODES] ModeService[none].Initialize
[MODES] ModeService[none].LoadModes
[MODES] Loading mode Default (0) for mode-current-id-XRunity
Unloading 25 Unused Serialized files (Serialized files now loaded: 0)
Unloading 6978 unused Assets / (8.1 MB). Loaded Objects now: 7893.
Memory consumption went from 418.3 MB to 410.3 MB.
Total: 10.515200 ms (FindLiveObjects: 0.406100 ms CreateObjectMapping: 1.430600 ms MarkObjects: 5.105400 ms  DeleteObjects: 3.563400 ms)

Unloading 2 Unused Serialized files (Serialized files now loaded: 0)
Unloading 1 unused Assets / (5.4 KB). Loaded Objects now: 7895.
Memory consumption went from 398.2 MB to 398.2 MB.
Total: 5.235700 ms (FindLiveObjects: 0.216300 ms CreateObjectMapping: 0.535400 ms MarkObjects: 4.465100 ms  DeleteObjects: 0.017700 ms)

Importing 'GUID: 7b025667f4cf91c4cb76b51b1a429d9d - Path: Assets/MVLImported/desk_v1.glb' with importer (ScriptedImporter : glTFast.Editor:GLTFast.Editor:GltfImporter)
Imported 'GUID: 7b025667f4cf91c4cb76b51b1a429d9d' -> (Import Result ID: '6737179d7d18d44c4f29169c104eac9b') in 0.181 seconds [static dependencies only]. Details - ImportResultOutputID=d116da4d73f7fe9ae83440a0149e16c6 DependenciesID=79f618ebbe86996325ae05ada8d2627d StaticDependenciesID=c4984f4ce8cd37427bd0b6a1a3c8b115 

Asset Pipeline Refresh (id=52b256cc33eea3e4f9876eb1c900f629): Total: 0.355 seconds - Initiated by StopAssetImportingV2(NoUpdateAssetOptions)
	(Values over 0.05ms)
	Summary:
		Imports: total=1 (actual=1, local cache=0, cache server=0)
		Asset DB Process Time: managed=1 ms, native=256 ms
		Asset DB Callback time: managed=92 ms, native=4 ms
		Scripting: domain reloads=0, domain reload time=0 ms, compile time=0 ms, other=0 ms
		Project Asset Count: scripts=1417, non-scripts=2429
		Asset File Changes: new=0, changed=0, moved=0, deleted=0
		Scan Filter Count: 3
	ApplyChangesToAssetFolders: 0.119ms
	Scan: 8.871ms
	Collect global state as custom dependencies: 0.366ms
	ProcessAssetsWithTransientArtifactChanges: 0.178ms
	CategorizeAssets: 24.915ms
	ImportOutOfDateAssets: 215.404ms (6.295ms without children)
		ImportManagerImport: 182.192ms (0.837ms without children)
		UnloadImportedAssets: 0.126ms
		EnsureUptoDateAssetsAreRegisteredWithGuidPM: 0.326ms
		ImportSchedulerStart: 26.424ms
	PostProcessAllAssets: 95.196ms
		XRBuildSystem.XRAssetImported 2.459ms
		MonoPostProcessAllAssets: 92.263ms
			AssetPostprocessor.OnPostprocessAllAssets 56.362ms
			StyleCatalogPostProcessor.OnPostprocessAllAssets 20.019ms
			BuilderAssetPostprocessor.OnPostprocessAllAssets 5.844ms
			AssetChangedListener.OnPostprocessAllAssets 0.945ms
			RetainedModeAssetPostprocessor.OnPostprocessAllAssets 0.864ms
			ShaderGraphAssetPostProcessor.OnPostprocessAllAssets 0.809ms
			SyncVS.PostprocessSyncProject 0.795ms
			TMPro_TexturePostProcessor.OnPostprocessAllAssets 0.700ms
			ArtifactBrowserPostProcessor.OnPostprocessAllAssets 0.676ms
			UVCSAssetPostprocessor.OnPostprocessAllAssets 0.563ms
			MaterialPostprocessor.OnPostprocessAllAssets 0.524ms
			AudioMixerPostprocessor.OnPostprocessAllAssets 0.411ms
			SampleDependencyImporterPostProcessor.OnPostprocessAllAssets 0.403ms
			AssetReloadNotifier.OnPostprocessAllAssets 0.295ms
			TextAssetPostProcessor.OnPostprocessAllAssets 0.247ms
			AssetEvents.OnPostprocessAllAssets 0.239ms
			ConfigAssetsTracker.OnPostprocessAllAssets 0.229ms
			InputActionJsonNameModifierAssetProcessor.OnPostprocessAllAssets 0.197ms
			ScenarioDriftAssetsTracker.OnPostprocessAllAssets 0.179ms
			PostProcessor.OnPostprocessAllAssets 0.148ms
			AudioContainerPostProcessor.OnPostprocessAllAssets 0.107ms
			SpeedTreePostProcessor.OnPostprocessAllAssets 0.105ms
			SamplePostprocessor.OnPostprocessAllAssets 0.098ms
			RenderPipelineGlobalSettingsPostprocessor.OnPostprocessAllAssets 0.085ms
			InputActionAssetPostprocessor.OnPostprocessAllAssets 0.064ms
	PostAssetChangesProfiler: 1.940ms
	GatherAllCurrentPrimaryImportResultRevisions: 0.145ms
	PersistCurrentRevisions: 0.120ms
	Untracked: 3.794ms

Launched and connected uv unwrapper C:/Program Files/Unity/Hub/Editor/6000.5.6f1/Editor/Data/Tools/UnwrapCL.exe after 0.01 seconds
Worker ready: AssetImportWorkerHW0 0
Importing 'GUID: 3813f84586cfc6443a3cccdd4df58dc7 - Path: Assets/MVLImported/chair_v1.glb' with importer (ScriptedImporter : glTFast.Editor:GLTFast.Editor:GltfImporter)
Imported 'GUID: 3813f84586cfc6443a3cccdd4df58dc7' -> (Import Result ID: '371e151a6ec7bbca7e1e78e31d87d072') in 0.056 seconds [static dependencies only]. Details - ImportResultOutputID=d61c18bab0cc25db827d0e9d76d1226a DependenciesID=cb3b98e306df2648a79cbea5c1324c8b StaticDependenciesID=002c833980a034fdf333c3c73d740526 
Asset Pipeline Refresh (id=c4bdbc3f0e4066147a81530644d765e3): Total: 0.100 seconds - Initiated by StopAssetImportingV2(NoUpdateAssetOptions)
SetPerIndexUVs failed because the output has too many vertices
UnityEngine.Debug:ExtractStackTraceNoAlloc (byte*,int,string)
UnityEngine.StackTraceUtility:ExtractStackTrace ()
UnityEditor.MeshUtility:SetPerTriangleUV2NoCheck (UnityEngine.Mesh,UnityEngine.Vector2[])
UnityEditor.MeshUtility:SetPerTriangleUV2 (UnityEngine.Mesh,UnityEngine.Vector2[])
UnityEditor.Unwrapping:GenerateSecondaryUVSet (UnityEngine.Mesh)
MVL.SceneBuilder:DecimateAndUnwrap (UnityEngine.GameObject,int&,int&) (at Assets/Editor/SceneBuilder.cs:283)
MVL.SceneBuilder:PlaceObject (MVL.SceneObject,string,string) (at Assets/Editor/SceneBuilder.cs:231)
MVL.SceneBuilder:BuildAndCapture (string,string) (at Assets/Editor/SceneBuilder.cs:105)
MVL.BatchEntry:Run () (at Assets/Editor/SceneBuilder.cs:38)

[Assets/Editor/SceneBuilder.cs line 231]

Importing 'GUID: 413de7d5bb640334f821dcde979bd445 - Path: Assets/MVLImported/bookshelf_v1.glb' with importer (ScriptedImporter : glTFast.Editor:GLTFast.Editor:GltfImporter)
Imported 'GUID: 413de7d5bb640334f821dcde979bd445' -> (Import Result ID: 'bb34591cc4e9365def1d43a9ddbc5146') in 0.070 seconds [static dependencies only]. Details - ImportResultOutputID=ac5532c6ef23b7fb2f9b1335e4b19d8e DependenciesID=491f9819cae162d65722006701339b6b StaticDependenciesID=8d5ae43ba60c0ee1caf92b2e0165706b 
Asset Pipeline Refresh (id=71d13bbe42f374648b0063a56d188118): Total: 0.107 seconds - Initiated by StopAssetImportingV2(NoUpdateAssetOptions)
Importing 'GUID: 2183ec013e28d0f4d9c3dd53eb86a59f - Path: Assets/MVLImported/floor_lamp_v1.glb' with importer (ScriptedImporter : glTFast.Editor:GLTFast.Editor:GltfImporter)
Imported 'GUID: 2183ec013e28d0f4d9c3dd53eb86a59f' -> (Import Result ID: '6a5e1a5603d09d44c890c991c272d067') in 0.057 seconds [static dependencies only]. Details - ImportResultOutputID=4925e192d2acdcd9f085cda24cd03181 DependenciesID=a66c1d9bda05a62b9b3efbff2af0c633 StaticDependenciesID=293165950d8240f059b663ee7a5d2081 
Asset Pipeline Refresh (id=1954631d947429e428fe9aa110b159c4): Total: 0.094 seconds - Initiated by StopAssetImportingV2(NoUpdateAssetOptions)
SetPerIndexUVs failed because the output has too many vertices
UnityEngine.Debug:ExtractStackTraceNoAlloc (byte*,int,string)
UnityEngine.StackTraceUtility:ExtractStackTrace ()
UnityEditor.MeshUtility:SetPerTriangleUV2NoCheck (UnityEngine.Mesh,UnityEngine.Vector2[])
UnityEditor.MeshUtility:SetPerTriangleUV2 (UnityEngine.Mesh,UnityEngine.Vector2[])
UnityEditor.Unwrapping:GenerateSecondaryUVSet (UnityEngine.Mesh)
MVL.SceneBuilder:DecimateAndUnwrap (UnityEngine.GameObject,int&,int&) (at Assets/Editor/SceneBuilder.cs:283)
MVL.SceneBuilder:PlaceObject (MVL.SceneObject,string,string) (at Assets/Editor/SceneBuilder.cs:231)
MVL.SceneBuilder:BuildAndCapture (string,string) (at Assets/Editor/SceneBuilder.cs:105)
MVL.BatchEntry:Run () (at Assets/Editor/SceneBuilder.cs:38)

[Assets/Editor/SceneBuilder.cs line 231]

Importing 'GUID: 15a1f933a9383ec4294189a99712bd54 - Path: Assets/MVLImported/cabinet_v1.glb' with importer (ScriptedImporter : glTFast.Editor:GLTFast.Editor:GltfImporter)
Imported 'GUID: 15a1f933a9383ec4294189a99712bd54' -> (Import Result ID: '3a91689913433d84e1c626bb33f648ef') in 0.066 seconds [static dependencies only]. Details - ImportResultOutputID=e6387d8fe0d56c50363a27eb5fb90cd2 DependenciesID=08a6a2237cb4d380d41fa48b0707f827 StaticDependenciesID=462e2da02327b0c901108eec0778ddc5 
Asset Pipeline Refresh (id=5dd5d1242d09da34486ee3732a72204b): Total: 0.103 seconds - Initiated by StopAssetImportingV2(NoUpdateAssetOptions)
Importing 'GUID: f43c622f27bc93141869a6fab07a525e - Path: Assets/MVLImported/trash_bin_v1.glb' with importer (ScriptedImporter : glTFast.Editor:GLTFast.Editor:GltfImporter)
Imported 'GUID: f43c622f27bc93141869a6fab07a525e' -> (Import Result ID: '4de848bf0040758a209f05ed3f0af77f') in 0.049 seconds [static dependencies only]. Details - ImportResultOutputID=c04cbbbb6b018208aa187d14de8ed95f DependenciesID=8dabce616f804a86a6ad96e01b143b75 StaticDependenciesID=2b05394f3a8e6c311bf3ce1f3f26b23b 
Asset Pipeline Refresh (id=b5c37917c4dd4cf418d06c446f1b5b21): Total: 0.085 seconds - Initiated by StopAssetImportingV2(NoUpdateAssetOptions)
Importing 'GUID: 729efc8e184755b479ae8b702a9a5fca - Path: Assets/MVLImported/backpack_v1.glb' with importer (ScriptedImporter : glTFast.Editor:GLTFast.Editor:GltfImporter)
Imported 'GUID: 729efc8e184755b479ae8b702a9a5fca' -> (Import Result ID: 'a00b58fdd4a230854ca17eef6d8f7ff8') in 0.060 seconds [static dependencies only]. Details - ImportResultOutputID=fd5d81c117c90104b31369a0deaa75f6 DependenciesID=2c3dac5e43c2c4a5c79f8b216e37b24c StaticDependenciesID=eba1278a79c1d703fda1d2bce7f0b014 
Asset Pipeline Refresh (id=da502beed075a80418de06788f1beba3): Total: 0.097 seconds - Initiated by StopAssetImportingV2(NoUpdateAssetOptions)
SetPerIndexUVs failed because the output has too many vertices
UnityEngine.Debug:ExtractStackTraceNoAlloc (byte*,int,string)
UnityEngine.StackTraceUtility:ExtractStackTrace ()
UnityEditor.MeshUtility:SetPerTriangleUV2NoCheck (UnityEngine.Mesh,UnityEngine.Vector2[])
UnityEditor.MeshUtility:SetPerTriangleUV2 (UnityEngine.Mesh,UnityEngine.Vector2[])
UnityEditor.Unwrapping:GenerateSecondaryUVSet (UnityEngine.Mesh)
MVL.SceneBuilder:DecimateAndUnwrap (UnityEngine.GameObject,int&,int&) (at Assets/Editor/SceneBuilder.cs:283)
MVL.SceneBuilder:PlaceObject (MVL.SceneObject,string,string) (at Assets/Editor/SceneBuilder.cs:231)
MVL.SceneBuilder:BuildAndCapture (string,string) (at Assets/Editor/SceneBuilder.cs:105)
MVL.BatchEntry:Run () (at Assets/Editor/SceneBuilder.cs:38)

[Assets/Editor/SceneBuilder.cs line 231]

Importing 'GUID: 149f52e1fc053d2409196ef99269a3e0 - Path: Assets/MVLImported/plant_v1.glb' with importer (ScriptedImporter : glTFast.Editor:GLTFast.Editor:GltfImporter)
Imported 'GUID: 149f52e1fc053d2409196ef99269a3e0' -> (Import Result ID: 'cab46b32d6d7e6d8d6c1197be5177b79') in 0.070 seconds [static dependencies only]. Details - ImportResultOutputID=878593eb521436dc2fc59fe27b977e7f DependenciesID=f3cf698f30f0001d5d17be80b35ff6e1 StaticDependenciesID=c08f73050690c306a8aaff923259e5ed 
Asset Pipeline Refresh (id=d2e6fb3526be3da4d8dcaf80338dc5c2): Total: 0.107 seconds - Initiated by StopAssetImportingV2(NoUpdateAssetOptions)
[MVL] UV2スキップ(頂点66943): geometry_0_dec — 追加デシメーション
UnityEngine.Debug:ExtractStackTraceNoAlloc (byte*,int,string)
UnityEngine.StackTraceUtility:ExtractStackTrace ()
UnityEngine.DebugLogHandler:Internal_Log (UnityEngine.LogType,UnityEngine.LogOption,string,UnityEngine.Object)
UnityEngine.DebugLogHandler:LogFormat (UnityEngine.LogType,UnityEngine.Object,string,object[])
UnityEngine.Logger:Log (UnityEngine.LogType,object)
UnityEngine.Debug:LogWarning (object)
MVL.SceneBuilder:DecimateAndUnwrap (UnityEngine.GameObject,int&,int&) (at Assets/Editor/SceneBuilder.cs:287)
MVL.SceneBuilder:PlaceObject (MVL.SceneObject,string,string) (at Assets/Editor/SceneBuilder.cs:231)
MVL.SceneBuilder:BuildAndCapture (string,string) (at Assets/Editor/SceneBuilder.cs:105)
MVL.BatchEntry:Run () (at Assets/Editor/SceneBuilder.cs:38)

(Filename: Assets/Editor/SceneBuilder.cs Line: 287)

Importing 'GUID: cddde52a677b62d4ba7c0bb17c46a284 - Path: Assets/MVLImported/rug_v1.glb' with importer (ScriptedImporter : glTFast.Editor:GLTFast.Editor:GltfImporter)
Imported 'GUID: cddde52a677b62d4ba7c0bb17c46a284' -> (Import Result ID: 'a8d547ec7559529dc6c7770bc9c70175') in 0.072 seconds [static dependencies only]. Details - ImportResultOutputID=6629640572fbb9952cbd96e74c8c7d9f DependenciesID=a75c18f04a2ce6679dfccc0ac53401f4 StaticDependenciesID=0b85ee02c90dcdce02ef43c553506a59 
Asset Pipeline Refresh (id=a268178afb420484f8d5a55d95e69ca3): Total: 0.109 seconds - Initiated by StopAssetImportingV2(NoUpdateAssetOptions)
Importing 'GUID: c1211e5975e693b439f51ee949e9cb24 - Path: Assets/MVLImported/monitor_v1.glb' with importer (ScriptedImporter : glTFast.Editor:GLTFast.Editor:GltfImporter)
Imported 'GUID: c1211e5975e693b439f51ee949e9cb24' -> (Import Result ID: 'd2ba590918610e61622225301b7fb0eb') in 0.062 seconds [static dependencies only]. Details - ImportResultOutputID=4afe2359a80eaa1be3c972c15a7fd0e2 DependenciesID=b153109b266eac7b7af1a3681d48f3a5 StaticDependenciesID=2c8635925175bc3c0c12383155acd33a 
Asset Pipeline Refresh (id=52bd8d769ee62c446bcd4d7f4c559d44): Total: 0.099 seconds - Initiated by StopAssetImportingV2(NoUpdateAssetOptions)
Importing 'GUID: f1e397546a101ee43a9e399f0db75505 - Path: Assets/MVLImported/laptop_v1.glb' with importer (ScriptedImporter : glTFast.Editor:GLTFast.Editor:GltfImporter)
Imported 'GUID: f1e397546a101ee43a9e399f0db75505' -> (Import Result ID: '7ee61ad2f149bacd0621407c6e1f11dc') in 0.058 seconds [static dependencies only]. Details - ImportResultOutputID=a9bd629a3bb82f37b9a46f78be75d7a2 DependenciesID=3c6a476ce88e63755562f61072cde3d1 StaticDependenciesID=9760acc78c65a6567b35c48afc51a8a6 
Asset Pipeline Refresh (id=4bd495deca32cb3499fa9e9088d21948): Total: 0.097 seconds - Initiated by StopAssetImportingV2(NoUpdateAssetOptions)
Importing 'GUID: fa8d793990487f34f9cf70e7d320eb45 - Path: Assets/MVLImported/lamp_v1.glb' with importer (ScriptedImporter : glTFast.Editor:GLTFast.Editor:GltfImporter)
Imported 'GUID: fa8d793990487f34f9cf70e7d320eb45' -> (Import Result ID: 'f509dd3e6f41b03c474eac53f51df96e') in 0.061 seconds [static dependencies only]. Details - ImportResultOutputID=80d1b52506f371607b762ee8ccc99657 DependenciesID=7be5996e8f2735c67c5008131858b36b StaticDependenciesID=68b4329ee72a6ac62e56e45747026fd8 
Asset Pipeline Refresh (id=f5e2e16afde13d2449d173433639f014): Total: 0.098 seconds - Initiated by StopAssetImportingV2(NoUpdateAssetOptions)
SetPerIndexUVs failed because the output has too many vertices
UnityEngine.Debug:ExtractStackTraceNoAlloc (byte*,int,string)
UnityEngine.StackTraceUtility:ExtractStackTrace ()
UnityEditor.MeshUtility:SetPerTriangleUV2NoCheck (UnityEngine.Mesh,UnityEngine.Vector2[])
UnityEditor.MeshUtility:SetPerTriangleUV2 (UnityEngine.Mesh,UnityEngine.Vector2[])
UnityEditor.Unwrapping:GenerateSecondaryUVSet (UnityEngine.Mesh)
MVL.SceneBuilder:DecimateAndUnwrap (UnityEngine.GameObject,int&,int&) (at Assets/Editor/SceneBuilder.cs:283)
MVL.SceneBuilder:PlaceObject (MVL.SceneObject,string,string) (at Assets/Editor/SceneBuilder.cs:231)
MVL.SceneBuilder:BuildAndCapture (string,string) (at Assets/Editor/SceneBuilder.cs:105)
MVL.BatchEntry:Run () (at Assets/Editor/SceneBuilder.cs:38)

[Assets/Editor/SceneBuilder.cs line 231]

Importing 'GUID: cebb131711ab9724480bcc2c06093104 - Path: Assets/MVLImported/mug_v1.glb' with importer (ScriptedImporter : glTFast.Editor:GLTFast.Editor:GltfImporter)
Imported 'GUID: cebb131711ab9724480bcc2c06093104' -> (Import Result ID: '31bea14305c3a7e6c019725e0743963a') in 0.064 seconds [static dependencies only]. Details - ImportResultOutputID=a7f662e0c674110f4e8bb90d11bc12f9 DependenciesID=16e875e79af4088fafe033b0a76da6a9 StaticDependenciesID=56332f15dd2e883a9ae7f42a3b35ea44 
Asset Pipeline Refresh (id=c684d05dba2981040b5b4455cd05fa29): Total: 0.101 seconds - Initiated by StopAssetImportingV2(NoUpdateAssetOptions)
Importing 'GUID: 8996a37cede3dde4799e7c76ed5bbdad - Path: Assets/MVLImported/pen_holder_v1.glb' with importer (ScriptedImporter : glTFast.Editor:GLTFast.Editor:GltfImporter)
Imported 'GUID: 8996a37cede3dde4799e7c76ed5bbdad' -> (Import Result ID: '861484847ed10fb92494529144be70cb') in 0.062 seconds [static dependencies only]. Details - ImportResultOutputID=271b850166d4d0bebe2976b3d93d2ca9 DependenciesID=0185d353b53842ecc9a7d3f5a9f54ac2 StaticDependenciesID=8589c88e841aa7a4b27f3533da01b849 
Asset Pipeline Refresh (id=c88e2e44ba41e6d48ba7ee33183fcc05): Total: 0.099 seconds - Initiated by StopAssetImportingV2(NoUpdateAssetOptions)
Importing 'GUID: 5a36774b302121649bc59b8ad290cc55 - Path: Assets/MVLImported/books_v1.glb' with importer (ScriptedImporter : glTFast.Editor:GLTFast.Editor:GltfImporter)
Imported 'GUID: 5a36774b302121649bc59b8ad290cc55' -> (Import Result ID: '3bc98513a553204f9295f0a3c6d8ef2a') in 0.053 seconds [static dependencies only]. Details - ImportResultOutputID=7df4432a2ed0226c7db82005092f7799 DependenciesID=1759e298b83d449cdc924b14a311b415 StaticDependenciesID=f72ecc65cace95fbf85f74ebfffcce67 
Asset Pipeline Refresh (id=e08a3f9fde5f4c244b6c4bd0f959fa08): Total: 0.091 seconds - Initiated by StopAssetImportingV2(NoUpdateAssetOptions)
Importing 'GUID: e2bf2614fde89aa4fa9a3600c35f9ed4 - Path: Assets/MVLImported/printer_v1.glb' with importer (ScriptedImporter : glTFast.Editor:GLTFast.Editor:GltfImporter)
Imported 'GUID: e2bf2614fde89aa4fa9a3600c35f9ed4' -> (Import Result ID: '72e98d4f8f358e77d98b0f922896f343') in 0.054 seconds [static dependencies only]. Details - ImportResultOutputID=e3d12e58cb905588a7049b28e8cc2bc2 DependenciesID=de7440dc32aff041f7e1407426338ac3 StaticDependenciesID=6bbe400bf69c8ee2a954c3d234ecd37a 
Asset Pipeline Refresh (id=a4225c9c99519234ca8d68a06dc2cd93): Total: 0.092 seconds - Initiated by StopAssetImportingV2(NoUpdateAssetOptions)
Importing 'GUID: 219f14a9288f44c49b286b8ae124c6ed - Path: Assets/MVL_Temp.unity' with importer (DefaultImporter)
Imported 'GUID: 219f14a9288f44c49b286b8ae124c6ed' -> (Import Result ID: 'f188a7fde9c06ac97d2464a31a1f69fe') in 0.005 seconds [static dependencies only]. Details - ImportResultOutputID=6aabba4521f6ed98d5ebb2bcdf063753 DependenciesID=6fde6df3790b708f72c2fc6d993703ee StaticDependenciesID=82defd684336b89a62aeffc64d670497 
Asset Pipeline Refresh (id=b251092590ccdd14eab6e88d4af39845): Total: 0.065 seconds - Initiated by StopAssetImportingV2(NoUpdateAssetOptions)
DisplayProgressbar: Baking Adaptive Probe Volumes
Created GICache directory at C:/Users/Astra/AppData/LocalLow/Unity/Caches/GiCache. Took: 0.009s, timestamps: [246.085 - 246.094]
[00:03:59] Precompute started.
[BakePipeline::Driver] Extracted OOTS snapshot with 22 instances, 19 geometries, 17 meshes, 18 materials, 1 lights, 0 cookies in 251.93ms.
-- Listing OpenCL platforms(s) --
 * OpenCL platform 0
	PROFILE = FULL_PROFILE
	VERSION = OpenCL 3.0 CUDA 13.2.73
	NAME = NVIDIA CUDA
	VENDOR = NVIDIA Corporation
 * OpenCL platform 1
	PROFILE = FULL_PROFILE
	VERSION = OpenCL 3.0 
	NAME = Intel(R) OpenCL Graphics
	VENDOR = Intel(R) Corporation
-- Listing OpenCL device(s) --
 * OpenCL platform 0, device 0 
	DEVICE_TYPE = 4
	DEVICE_NAME = NVIDIA GeForce RTX 4060 Ti
	DEVICE_VENDOR = NVIDIA Corporation
	DEVICE_VERSION = OpenCL 3.0 CUDA
	DRIVER_VERSION = 596.21
	DEVICE_MAX_COMPUTE_UNITS = 34
	DEVICE_MAX_CLOCK_FREQUENCY = 2535
	CL_DEVICE_MAX_CONSTANT_BUFFER_SIZE = 65536
	CL_DEVICE_HOST_UNIFIED_MEMORY = false
	CL_DEVICE_MAX_MEM_ALLOC_SIZE = 2146304000
	DEVICE_GLOBAL_MEM_SIZE = 8585216000
 * OpenCL platform 1, device 0 
	DEVICE_TYPE = 4
	DEVICE_NAME = Intel(R) UHD Graphics 770
	DEVICE_VENDOR = Intel(R) Corporation
	DEVICE_VERSION = OpenCL 3.0 NEO 
	DRIVER_VERSION = 32.0.101.7082
	DEVICE_MAX_COMPUTE_UNITS = 32
	DEVICE_MAX_CLOCK_FREQUENCY = 1600
	CL_DEVICE_MAX_CONSTANT_BUFFER_SIZE = 4294959104
	CL_DEVICE_HOST_UNIFIED_MEMORY = true
	CL_DEVICE_MAX_MEM_ALLOC_SIZE = 4294959104
	DEVICE_GLOBAL_MEM_SIZE = 15539830784
	Adjusted DEVICE_GLOBAL_MEM_SIZE due to Intel specific driver reservation, new value is 19922859979.
[BakePipeline::Driver] Transformed OOTS snapshot into LightBaker scene input (00000266C876DB60) in 176.89ms. Size: 39.37MB.
[00:04:00] Builtin Sky manager started.
[BakePipeline::PreprocessStage] Background thread started.
[00:04:00] Finished 1 Layout Systems job (0.01s execute, 0.00s integrate, 0.59s wallclock)
[00:04:00] Finished 1 Bake Ambient Probe job (0.00s execute, 0.00s integrate, 0.01s wallclock)
[00:04:00] Finished 1 Tetrahedralize Probes job (0.00s execute, 0.00s integrate, 0.19s wallclock)
[00:04:00] Precompute took 0.780560 seconds.
Enlighten scene contents:   0 geometries.   0 instances.   0 systems.   0 probe groups.   0 cube maps. Scene is up-to-date.
[00:04:00] Finished 1 Bake Ambient Probe job (0.00s execute, 0.00s integrate, 0.01s wallclock)
[PathTracer] Finished packing lightmaps in 0.392911 seconds.
[BakePipeline::BakeStage] Background thread started. Calling LightBaker.
-- GPU Progressive lightmapper will use OpenCL device 'NVIDIA GeForce RTX 4060 Ti' from 'NVIDIA Corporation'--
   use -OpenCL-PlatformAndDeviceIndices <platformIdx> <deviceIdx> as command line arguments if you want to select a specific adapter for OpenCL.
Loading expansionAndGathering.cl with hash 5acfedf33ae60d530ba172d600de3f54 from cache.
Loading prepareLightRays.cl with hash a5445a1a4464e303e4de88239155ef87 from cache.
Loading processLightRays.cl with hash 1632738666994f31379e1be030bb6672 from cache.
Loading intersectBvh.cl with hash 0a03c1555fc782a79a92c60269308519 from cache.
Loading preparePathRays.cl with hash 5b5a91fd2b410ffc563b0bd94deb5dce from cache.
Loading prepareEnvironmentRays.cl with hash 4967af8fa5049c83b03cb4fc93bc6dcd from cache.
Loading processEnvironment.cl with hash 84ec24254ea534117ced23eb63d8d129 from cache.
Loading processBounce.cl with hash 8a53f2805152b22e74fe2b9340c92d45 from cache.
Loading culling.cl with hash 6c692014c2f1019ea9efc19ba9328f4f from cache.
Loading fillBuffer.cl with hash 25f6280fd316e2c384a3010b1345adfc from cache.
Loading expansionAndGathering.cl with hash 088d1ec12cf95c1e2693687e2c240765 from cache.
Loading prepareLightRays.cl with hash 70ef82c9c363e58e40b17b24fdf5a366 from cache.
Loading preparePathRays.cl with hash 14237e3c03a2c03116bc318b70d88955 from cache.
Loading prepareEnvironmentRays.cl with hash 034f1ab0ffc71ad1ac2ed3e51496de12 from cache.
Loading processEnvironment.cl with hash fc826d8fb3ef680f707090ca903a1e72 from cache.
Loading processLightRays.cl with hash 5908050f0d48839d977e058b65402043 from cache.
Loading processBounce.cl with hash a501562fd8f5ea9fa52922c4f2bd7d4d from cache.
Loading compositeLightmaps.cl with hash e0fbf7a52a66ed5da0ca8eee0dac3dc5 from cache.
Loading atrousFilter.cl with hash b4b4b64cb29fbca65202e916307f18b3 from cache.
Loading atrousFilter.cl with hash a72b1e7703fab58e80e2e103e8483e59 from cache.
Loading atrousFilter.cl with hash 3f84ea4f555acf7048fc5788aa07bba0 from cache.
Loading convergence.cl with hash 1868782a17b88ba393385e598f52ec2d from cache.
Loading customBake.cl with hash 31b22d2f9c1b614b73735d4975735534 from cache.
Loading postProcessProbes.cl with hash 45dc5c734104a66df41d2611b35134e2 from cache.
[PathTracer] Loaded OpenCL shaders in 0.021 secs -> Timestamps: [247.145 - 247.166].
Progress timing - render light probes	0.00	0	90008149
[BakePipeline::BakeStage] LightBaker bake took 1817.77ms and succeeded.
[BakePipeline::PostProcessStage] Started.
[BakePipeline::Run] Completed succesfully.
[00:04:03] LightingDataAsset started.
Asset Pipeline Refresh (id=42d28e12c42224848a1942b262e5099a): Total: 0.060 seconds - Initiated by StopAssetImportingV2(NoUpdateAssetOptions)
Asset Pipeline Refresh (id=1168d2ab854947f4187b8d0a43124c27): Total: 0.056 seconds - Initiated by StopAssetImportingV2(NoUpdateAssetOptions)
Asset Pipeline Refresh (id=89b60a3f65cdd9b4da35821476781da6): Total: 0.055 seconds - Initiated by StopAssetImportingV2(NoUpdateAssetOptions)
Asset Pipeline Refresh (id=2f6df1249f20fb641a9873bfb92206c4): Total: 0.054 seconds - Initiated by StopAssetImportingV2(NoUpdateAssetOptions)
Asset Pipeline Refresh (id=b562fe5ab7b36174f9e21aa2ccceb8c2): Total: 0.054 seconds - Initiated by StopAssetImportingV2(NoUpdateAssetOptions)
Asset Pipeline Refresh (id=ae0f777f17b1c0842ba69262eeac9400): Total: 0.054 seconds - Initiated by StopAssetImportingV2(NoUpdateAssetOptions)
Importing 'GUID: c371ea1f3aa2c0b4581640fc0081a9f2 - Path: Assets/MVL_Temp/Lightmap-0_comp_light.exr' with importer (TextureImporter)
Imported 'GUID: c371ea1f3aa2c0b4581640fc0081a9f2' -> (Import Result ID: '18e89ffd564bbb9fce661995300df456') in 0.007 seconds [static and dynamic dependencies]. Details - ImportResultOutputID=fb14614b65f6a5b162f58450b5c4015e DependenciesID=412b5e2c94de4c4beeaf3e3715a8f330 StaticDependenciesID=485f7c9d2a2fcc555bf4a6cd72295afc 
Importing 'GUID: 260bc3544a5022f4ea681f57311177e1 - Path: Assets/MVL_Temp/Lightmap-1_comp_light.exr' with importer (TextureImporter)
Imported 'GUID: 260bc3544a5022f4ea681f57311177e1' -> (Import Result ID: 'fa38b3cf0ab3253dbe7e3994a1523d74') in 0.004 seconds [static and dynamic dependencies]. Details - ImportResultOutputID=73dcb836a574fd30c8472c7969318cfb DependenciesID=22b28a5c0e3b1b93035f4bbe6b0d69e9 StaticDependenciesID=77b8420d2392133a7b11c313d5b4da53 
Importing 'GUID: 962d6d283c219c844bade361c9b8aacc - Path: Assets/MVL_Temp/Lightmap-0_comp_dir.png' with importer (TextureImporter)
Imported 'GUID: 962d6d283c219c844bade361c9b8aacc' -> (Import Result ID: '67f5acd30a95ddc4d6a100f518ff64be') in 0.002 seconds [static and dynamic dependencies]. Details - ImportResultOutputID=039284b1fb09aa27cc80af1f9a75b06e DependenciesID=5476906e30ad59885e0c40f6a35243fe StaticDependenciesID=42ab7d0a486e75757d83ceb5370f858a 
Importing 'GUID: bc487ad38aa94234592bfa4a2ca253e7 - Path: Assets/MVL_Temp/Lightmap-2_comp_light.exr' with importer (TextureImporter)
Imported 'GUID: bc487ad38aa94234592bfa4a2ca253e7' -> (Import Result ID: '60f53b3eefe6bba2444efa63d9968562') in 0.003 seconds [static and dynamic dependencies]. Details - ImportResultOutputID=087031b25ef6e20f19223881a7274fd9 DependenciesID=c1e9c823f5e1159ec19b1d86cabca31c StaticDependenciesID=dc11d297f40a5010faab093712fe7b99 
Importing 'GUID: 5e4870579590f0b439de6f282bda5777 - Path: Assets/MVL_Temp/Lightmap-1_comp_dir.png' with importer (TextureImporter)
Imported 'GUID: 5e4870579590f0b439de6f282bda5777' -> (Import Result ID: '186c0760f559a8e7dbf9044a09a1afa8') in 0.002 seconds [static and dynamic dependencies]. Details - ImportResultOutputID=b3d3f01ea00109e32b60c628e0aea55a DependenciesID=9aa6f1a1838b0b44517bb72a26e1b5e7 StaticDependenciesID=b8d2d4ddb5d82b32c0d93b2668b0c499 
Importing 'GUID: de2e8eb15e63aab46b4a2e825d4974a9 - Path: Assets/MVL_Temp/Lightmap-2_comp_dir.png' with importer (TextureImporter)
Imported 'GUID: de2e8eb15e63aab46b4a2e825d4974a9' -> (Import Result ID: 'bbff0391a067f567004d3fe233896873') in 0.002 seconds [static and dynamic dependencies]. Details - ImportResultOutputID=470d4ad2061d7df8f385b3e8be4fa7d4 DependenciesID=2c5c2a237d36fd643e799cad51d74fea StaticDependenciesID=02bbc822a5667aa4c9742a0ecded5331 
Asset Pipeline Refresh (id=c648f7ffbc7f7ee4085e2ecda32d0669): Total: 0.085 seconds - Initiated by StopAssetImportingV2(NoUpdateAssetOptions)
Importing 'GUID: c371ea1f3aa2c0b4581640fc0081a9f2 - Path: Assets/MVL_Temp/Lightmap-0_comp_light.exr' with importer (TextureImporter)
Imported 'GUID: c371ea1f3aa2c0b4581640fc0081a9f2' -> (Import Result ID: 'f4f504ec783cef6a8a065f1c0c016260') in 0.007 seconds [static and dynamic dependencies]. Details - ImportResultOutputID=27bf36fa2e45edd3c8ca60995ceac20f DependenciesID=afb8ae1cdce826f19e5ce5ede6727962 StaticDependenciesID=f75ca9df149f0934f4a60471f11b4610 
Importing 'GUID: 260bc3544a5022f4ea681f57311177e1 - Path: Assets/MVL_Temp/Lightmap-1_comp_light.exr' with importer (TextureImporter)
Imported 'GUID: 260bc3544a5022f4ea681f57311177e1' -> (Import Result ID: '260751685a1c05cc4cbcc4058feb6399') in 0.008 seconds [static and dynamic dependencies]. Details - ImportResultOutputID=32db08b65c5e48a9178396811d97c45e DependenciesID=a8eeb1dc4a73d0befcee51802bfd6e7d StaticDependenciesID=2ccf9bd8de66908181f6254f520c8343 
Importing 'GUID: 962d6d283c219c844bade361c9b8aacc - Path: Assets/MVL_Temp/Lightmap-0_comp_dir.png' with importer (TextureImporter)
Imported 'GUID: 962d6d283c219c844bade361c9b8aacc' -> (Import Result ID: 'cd91cd708922564dd80a8ed75bda4c81') in 0.005 seconds [static and dynamic dependencies]. Details - ImportResultOutputID=a4ca3b5d349b8a299f7c7aa08ff21add DependenciesID=502056cd8cb29c5ba44f98f7a353a445 StaticDependenciesID=950cc219ef105d7ee764c0c1112f03df 
Importing 'GUID: bc487ad38aa94234592bfa4a2ca253e7 - Path: Assets/MVL_Temp/Lightmap-2_comp_light.exr' with importer (TextureImporter)
Imported 'GUID: bc487ad38aa94234592bfa4a2ca253e7' -> (Import Result ID: '04e40ad5ff098289dea00d1fff846d8b') in 0.008 seconds [static and dynamic dependencies]. Details - ImportResultOutputID=7f638287780d0c32519d3ac4c822e974 DependenciesID=0125e4a75840b6cadc22390529a36578 StaticDependenciesID=0b0e28037fcc3dbc687e4def9f58755f 
Importing 'GUID: 5e4870579590f0b439de6f282bda5777 - Path: Assets/MVL_Temp/Lightmap-1_comp_dir.png' with importer (TextureImporter)
Imported 'GUID: 5e4870579590f0b439de6f282bda5777' -> (Import Result ID: 'ff254d1b7e80dbdc29aa42ab2c6453aa') in 0.006 seconds [static and dynamic dependencies]. Details - ImportResultOutputID=f027f4cee780ece42f2392b1b93ca152 DependenciesID=805abe84796a5830c052ead6fd817ce2 StaticDependenciesID=5d6c71c2f77dc46060e38fcb21733afa 
Importing 'GUID: de2e8eb15e63aab46b4a2e825d4974a9 - Path: Assets/MVL_Temp/Lightmap-2_comp_dir.png' with importer (TextureImporter)
Imported 'GUID: de2e8eb15e63aab46b4a2e825d4974a9' -> (Import Result ID: '79f828bc849b3f84fac64871256de31c') in 0.006 seconds [static and dynamic dependencies]. Details - ImportResultOutputID=ebcd04e207e81d8093b771505d0ae2d3 DependenciesID=a1e9df4e6c17356e6d7108916b0152be StaticDependenciesID=62e246bc0456e3bea5d40cbb216a1906 
Asset Pipeline Refresh (id=3c546ba78dd3cd04d8b6c0017ef5a686): Total: 0.114 seconds - Initiated by StopAssetImportingV2(NoUpdateAssetOptions)
Asset Pipeline Refresh (id=2265787d0fa583a4b8c0948021228185): Total: 0.001 seconds - Initiated by StopAssetImportingV2(NoUpdateAssetOptions)
Asset Pipeline Refresh (id=a499c47e9eac8c9468d5c56838f72579): Total: 0.048 seconds - Initiated by StopAssetImportingV2(NoUpdateAssetOptions)
Importing 'GUID: cc435b47ab554f040b95b2a5b8ee101b - Path: Assets/MVL_Temp/ReflectionProbe-0.exr' with importer (TextureImporter)
Imported 'GUID: cc435b47ab554f040b95b2a5b8ee101b' -> (Import Result ID: '5cf6161f0cdbf9601e84d1c0b2c1236d') in 0.004 seconds [static and dynamic dependencies]. Details - ImportResultOutputID=9a4255c65d106138fad088d92114e7e3 DependenciesID=867c1ae9bc7b86319c10e1705d301009 StaticDependenciesID=2e51e3508d6cb282f336c6150d7a5684 
Asset Pipeline Refresh (id=7927fc8caa2dfc74caee9843b47cd766): Total: 0.062 seconds - Initiated by StopAssetImportingV2(NoUpdateAssetOptions)
Importing 'GUID: cc435b47ab554f040b95b2a5b8ee101b - Path: Assets/MVL_Temp/ReflectionProbe-0.exr' with importer (TextureImporter)
Starting cubemap convolution for '' (size 128)
...took 0.028 seconds
Imported 'GUID: cc435b47ab554f040b95b2a5b8ee101b' -> (Import Result ID: '3802edfdbef2dcb672a88411dc30eaed') in 0.095 seconds [static and dynamic dependencies]. Details - ImportResultOutputID=026b9482f63c2bec4ba785038e198abe DependenciesID=5e067fb005b61951b92b08db1d1abaff StaticDependenciesID=8b7e2ef81af7e1bb27563d0a79dc5ea9 
Asset Pipeline Refresh (id=bb7fb6af0d4b19a498229092b851db1c): Total: 0.163 seconds - Initiated by StopAssetImportingV2(NoUpdateAssetOptions)
> Collecting Enlighten data
Importing 'GUID: ac260cc40684ede42908192fbd3fa9a0 - Path: Assets/MVL_Temp/LightingData.asset' with importer (NativeFormatImporter)
Imported 'GUID: ac260cc40684ede42908192fbd3fa9a0' -> (Import Result ID: 'c7bf1ec1de8930486b2030985d8e62c4') in 0.001 seconds [static dependencies only]. Details - ImportResultOutputID=e3f4781ea82e8d47651c87edbd9581a3 DependenciesID=d626e185a8e11a37622a4152dee47e8c StaticDependenciesID=6184f9282d4ba75c301180f6b346c565 
Asset Pipeline Refresh (id=ed4fc56eb81ad894c9dc75a8f253f942): Total: 0.055 seconds - Initiated by StopAssetImportingV2(NoUpdateAssetOptions)
Importing 'GUID: 219f14a9288f44c49b286b8ae124c6ed - Path: Assets/MVL_Temp.unity' with importer (DefaultImporter)
Imported 'GUID: 219f14a9288f44c49b286b8ae124c6ed' -> (Import Result ID: 'a09ae5603cd14907b4b87c3e3673dc19') in 0.003 seconds [static dependencies only]. Details - ImportResultOutputID=6aabba4521f6ed98d5ebb2bcdf063753 DependenciesID=ea04b062abd8603fb0dabb851cf96cf2 StaticDependenciesID=b53200f65d1f28e6b71691e411e8ccfa 
Asset Pipeline Refresh (id=d6430594a5d9b1545947c17f4566fb03): Total: 0.061 seconds - Initiated by StopAssetImportingV2(NoUpdateAssetOptions)
[MVL] 完了: 8枚撮影, ベイク5秒
UnityEngine.Debug:ExtractStackTraceNoAlloc (byte*,int,string)
UnityEngine.StackTraceUtility:ExtractStackTrace ()
UnityEngine.DebugLogHandler:Internal_Log (UnityEngine.LogType,UnityEngine.LogOption,string,UnityEngine.Object)
UnityEngine.DebugLogHandler:LogFormat (UnityEngine.LogType,UnityEngine.Object,string,object[])
UnityEngine.Logger:Log (UnityEngine.LogType,object)
UnityEngine.Debug:Log (object)
MVL.SceneBuilder:BuildAndCapture (string,string) (at Assets/Editor/SceneBuilder.cs:130)
MVL.BatchEntry:Run () (at Assets/Editor/SceneBuilder.cs:38)

(Filename: Assets/Editor/SceneBuilder.cs Line: 130)

MonoPathRemapper: Attempts to remap: 25863; Successful remaps: 2
[Licensing::Client] Successfully resolved entitlement details
Serialized file version minimum: 22, current 23
[Physics::Module] Cleanup current backend.
[Physics::Module] Id: 0xf2b8ea05
Input System module state changed to: ShutdownInProgress.
Input Polling Thread exited.
Input System module state changed to: Shutdown.
[Licensing::IpcConnector] LicenseClient-Astra-notifications channel disconnected successfully.
[Licensing::IpcConnector] LicenseClient-Astra channel disconnected successfully.
AcceleratorClientConnectionCallback - disconnected - :0
Cleanup mono
CodeReloadManager destroyed
Checking for leaked weakptr:
  Found no leaked weakptrs.
[Package Manager] Server process was shutdown
##utp:{"type":"MemoryLeaks","version":2,"phase":"Immediate","time":1787652409220,"processId":25252,"allocatedMemory":17701707,"memoryLabels":[{"Default":226533},{"Permanent":15516},{"NewDelete":66723},{"Thread":4205336},{"Manager":838193},{"VertexData":8},{"Geometry":816},{"Texture":24},{"Shader":850351},{"Material":24},{"GfxDevice":58328},{"Animation":952},{"Audio":1544},{"FreeType":8},{"FontEngine":736},{"Physics":2146},{"Physics2D":16},{"Serialization":952},{"Input":42840},{"JobScheduler":256},{"TextLib":280},{"Mono":48},{"MonoCode":64},{"ScriptingNativeRuntime":1574468},{"BaseObject":1621960},{"Resource":1208},{"Renderer":3080},{"Transform":4685},{"File":12908},{"WebCam":616},{"Culling":32},{"Terrain":11442},{"Wind":24},{"STL":40},{"String":14789},{"StaticString":3808},{"Utility":2674870},{"Curl":2559},{"PoolAlloc":2504},{"AI":80},{"TypeTree":17165},{"CodeReload":448},{"RuntimeInitializeOnLoadManager":64},{"Sprites":102},{"SpriteAtlas":120},{"GI":7648},{"Director":8296},{"CloudService":7208},{"WebRequest":15960},{"VR":47114},{"SceneManager":608},{"Video":64},{"LazyScriptCache":32},{"Camera":17},{"Secure":2377},{"SerializationCache":1576},{"APIUpdating":10320},{"Subsystems":336},{"VirtualTexturing":57888},{"StaticSafetyDebugInfo":278528},{"Analytics":552},{"Hierarchy":1176},{"UIElements":72},{"CoreStats":13688},{"Identifiers":6768},{"Gui":128},{"EditorUtility":200734},{"VersionControl":8},{"Undo":931},{"AssetDatabase":4721334},{"AssetImporter":672},{"EditorGi":328},{"ProgressiveLightmapper":2632},{"UnityConnect":38905},{"Upm":1912},{"UpmDiagnostics":8},{"AssetCompliance":64},{"DrivenProperties":72},{"LocalIPC":211},{"ProfilerEditor":9746},{"CoreBusinessMetrics":3480},{"Windowing":456},{"Licensing":1232},{"AssetReference":32},{"IPCStream":32}]}
