[Licensing::Module] Trying to connect to existing licensing client channel...
Built from '6000.5/staging' branch; Version is '6000.5.6f1 (0e0577a1a2ac) revision 918903'; Using compiler version '194234433'; Build Type 'Release'
OS: 'Windows 11  (10.0.26200) Core' Language: 'ja' Physical Memory: 32489 MB
[Licensing::IpcConnector] Channel LicenseClient-Astra doesn't exist
BatchMode: 1, IsHumanControllingUs: 0, StartBugReporterOnCrash: 0, Is64bit: 1
System  architecture: x64
Process architecture: x64
Date: 2026-08-25T13:16:39Z
[Licensing::Module] Successfully launched the LicensingClient (PId: 25576)

COMMAND LINE ARGUMENTS:
C:\Program Files\Unity\Hub\Editor\6000.5.6f1\Editor\Unity.exe
-batchmode
-projectPath
C:\Users\Astra\Desktop\sao\XRunity
-executeMethod
MVL.BatchEntry.Run
-sceneJson
C:\Users\Astra\Desktop\sao\runs\study_room_seed1_20260825_220751\iter_02\scene.json
-outDir
C:\Users\Astra\Desktop\sao\runs\study_room_seed1_20260825_220751\iter_02\capture
-logFile
runs\study_room_seed1_20260825_220751\iter_02\capture\unity.log
-quit
Successfully changed project path to: C:\Users\Astra\Desktop\sao\XRunity
C:/Users/Astra/Desktop/sao/XRunity
[UnityMemory] Configuration Parameters - Can be set up in boot.config
    "memorysetup-temp-allocator-size-gi-baking-worker=262144"
    "memorysetup-temp-allocator-size-gi-baking-worker=262144"
    "memorysetup-temp-allocator-size-gi-baking-worker=262144"
    "memorysetup-temp-allocator-size-gi-baking-worker=262144"
    "memorysetup-temp-allocator-size-gi-baking-worker=262144"
    "memorysetup-temp-allocator-size-nav-mesh-worker=65536"
    "memorysetup-temp-allocator-size-audio-worker=65536"
    "memorysetup-temp-allocator-size-cloud-worker=32768"
    "memorysetup-temp-allocator-size-gfx=262144"
    "memorysetup-temp-allocator-size-preload-manager=33554432"
    "memorysetup-allocator-temp-initial-block-size-main=262144"
    "memorysetup-allocator-temp-initial-block-size-worker=262144"
    "memorysetup-temp-allocator-size-job-worker=262144"
    "memorysetup-temp-allocator-size-background-worker=32768"
    "memorysetup-bucket-allocator-granularity=16"
    "memorysetup-bucket-allocator-bucket-count=8"
    "memorysetup-bucket-allocator-block-size=33554432"
    "memorysetup-bucket-allocator-block-count=8"
    "memorysetup-main-allocator-block-size=16777216"
    "memorysetup-thread-allocator-block-size=16777216"
    "memorysetup-main-allocator-mimalloc-enabled=0"
    "memorysetup-gfx-main-allocator-block-size=16777216"
    "memorysetup-gfx-thread-allocator-block-size=16777216"
    "memorysetup-cache-allocator-block-size=4194304"
    "memorysetup-typetree-allocator-block-size=2097152"
    "memorysetup-profiler-bucket-allocator-granularity=16"
    "memorysetup-profiler-bucket-allocator-bucket-count=8"
    "memorysetup-profiler-bucket-allocator-block-size=33554432"
    "memorysetup-profiler-bucket-allocator-block-count=8"
    "memorysetup-profiler-allocator-block-size=16777216"
    "memorysetup-profiler-editor-allocator-block-size=1048576"
    "memorysetup-temp-allocator-size-main=16777216"
    "memorysetup-job-temp-allocator-block-size=2097152"
    "memorysetup-job-temp-allocator-block-size-background=1048576"
    "memorysetup-job-temp-allocator-reduction-small-platforms=262144"
Logging is directed to a specific file, skipping project log.Player connection [12176]  Target information:

Player connection [12176]  * "[IP] 192.168.11.21 [Port] 55504 [Flags] 2 [Guid] 1488276257 [EditorId] 1488276257 [Version] 1048832 [Id] WindowsEditor(7,Astra) [Debug] 1 [PackageName] WindowsEditor [ProjectName] Editor" 

Player connection [12176] Host joined multi-casting on [225.0.0.222:54997]...
Player connection [12176] Host joined alternative multi-casting on [225.0.0.222:34997]...
Input System module state changed to: Initialized.
[Physics::Module] Initialized fallback backend.
[Physics::Module] Id: 0xdecafbad
[Package Manager] Connected to IPC stream "Upm-20692" after 0.2 seconds.
[Licensing::Module] Licensing is not yet initialized.
[Licensing::IpcConnector] Successfully connected to: "LicenseClient-Astra" at "2026-08-25T13:16:40.0103021Z"
[Licensing::Client] Code 10 while verifying Licensing Client signature (process Id: 25576, path: "C:/Program Files/Unity/Hub/Editor/6000.5.6f1/Editor/Data/Resources/Licensing/Client/Unity.Licensing.Client.exe")
[Licensing::Module] LicensingClient has failed validation; ignoring
[Licensing::Client] Handshaking with LicensingClient:
  Version:                 1.18.1+9fbee8e
  Session Id:              20e4fcdb207445e89059a8de63c066ee
  Correlation Id:          b9dd4e9f4e0a0cec71ad357721f22579
  External correlation Id: 1644590202343042567
  Machine Id:              oAYJDH4P/caT3pCWtAsI7jts7Wk=
[Licensing::Module] Successfully connected to LicensingClient on channel: "LicenseClient-Astra" (connect: 0.37s, validation: 0.06s, handshake: 0.02s)
[Licensing::IpcConnector] Successfully connected to: "LicenseClient-Astra-notifications" at "2026-08-25T13:16:40.0878122Z"
[Licensing::Module] Connected to LicensingClient (PId: 25576, launch time: 0.00, total connection time: 0.45s)
[Licensing::Module] Error: Access token is unavailable; failed to update
[Licensing::Client] Successfully resolved entitlement details
[Licensing::Module] License group:
  Id: 15669536166605-UnityPersXXXX
  Product: Unity Personal
  Type: Assigned
  Expiration: Unlimited
[Licensing::Client] Successfully updated license, isAsync: True, time: 0.01
[Licensing::Client] Successfully resolved entitlement details
[Licensing::Module] Licensing Background thread has ended after 0.48s
[Licensing::Module] Licensing is initialized (took 0.17s).
[Licensing::Client] Successfully resolved entitlement details
Library Redirect Path: Library/
[Physics::Module] Selected backend.
[Physics::Module] Name: PhysX
[Physics::Module] Id: 0xf2b8ea05
[Physics::Module] SDK Version: 4.1.2
[Physics::Module] Integration Version: 1.0.0
[Physics::Module] Threading Mode: Multi-Threaded
Artifact Garbage Collection - Removed 1 unused hashed content files
Initialize engine version: 6000.5.6f1 (0e0577a1a2ac)
[Subsystems] Discovering subsystems at path C:/Program Files/Unity/Hub/Editor/6000.5.6f1/Editor/Data/Resources/UnitySubsystems
[Subsystems] Discovering subsystems at path C:/Users/Astra/Desktop/sao/XRunity/Assets
GfxDevice: creating device client; kGfxThreadingModeNonThreaded
d3d12: failed to query info queue interface (0x80004002).
Direct3D:
    Version:         Direct3D 12 [level 12.2]
    Renderer:        NVIDIA GeForce RTX 4060 Ti (ID=0x2803)
    Vendor:          NVIDIA
    VRAM:            7949 MB
    App VRAM Budget: 7181 MB
    Driver:          32.0.15.9621
Initialize mono
Mono path[0] = 'C:/Program Files/Unity/Hub/Editor/6000.5.6f1/Editor/Data/Managed'
Mono path[1] = 'C:/Program Files/Unity/Hub/Editor/6000.5.6f1/Editor/Data/BCLExtensions/runtime/netstandard2.1'
Mono path[2] = 'C:/Program Files/Unity/Hub/Editor/6000.5.6f1/Editor/Data/MonoBleedingEdge/lib/mono/unityjit-win32'
Mono config path = 'C:/Program Files/Unity/Hub/Editor/6000.5.6f1/Editor/Data/MonoBleedingEdge/etc'
Using monoOptions --debugger-agent=transport=dt_socket,embedding=1,server=y,suspend=n,address=127.0.0.1:56692
CodeReloadManager initialized
ImportWorker Server TCP listen port: 0
AcceleratorClientConnectionCallback - disconnected - :0
Begin MonoManager ReloadAssembly
Registering precompiled unity dll's ...
Register platform support module: C:/Program Files/Unity/Hub/Editor/6000.5.6f1/Editor/Data/PlaybackEngines/WebGLSupport/UnityEditor.WebGL.Extensions.dll
Register platform support module: C:/Program Files/Unity/Hub/Editor/6000.5.6f1/Editor/Data/PlaybackEngines/WindowsStandaloneSupport/UnityEditor.WindowsStandalone.Extensions.dll
Registered in 0.001470 seconds.
Native extension for WindowsStandalone target not found
Native extension for WebGL target not found
Package Manager log level set to [2]
ScheduleIndexationOnStartup MainProcess:False IndexOnStartup:True
Mono: successfully reloaded assembly
- Finished resetting the current domain, in  0.294 seconds
Domain Reload Profiling: 683ms
	BeginReloadAssembly (108ms)
		CreateAndSetChildDomain (18ms)
	RebuildCommonClasses (4ms)
	RebuildNativeTypeToScriptingClass (12ms)
	initialDomainReloadingComplete (47ms)
	LoadAllAssembliesAndSetupDomain (217ms)
		LoadAssemblies (89ms)
		AnalyzeDomain (162ms)
			TypeCache.Refresh (160ms)
				TypeCache.ScanAssembly (149ms)
	FinalizeReload (296ms)
		SetupLoadedEditorAssemblies (0ms)
			BeforeProcessingInitializeOnLoad (68ms)
			ProcessInitializeOnLoadAttributes (69ms)
			ProcessInitializeOnLoadMethodAttributes (99ms)
[Licensing::Client] Successfully resolved entitlement details
Application.AssetDatabase Initial Refresh Start
[Package Manager] Restoring resolved packages state from cache
[Licensing::Client] Successfully resolved entitlement details
[Package Manager] Registered 59 packages:
  Packages from [https://packages.unity.com]:
    com.unity.ai.navigation@2.0.14 (location: C:\Users\Astra\Desktop\sao\XRunity\Library\PackageCache\com.unity.ai.navigation@134dd6a3b97b)
    com.unity.cloud.gltfast@6.19.0 (location: C:\Users\Astra\Desktop\sao\XRunity\Library\PackageCache\com.unity.cloud.gltfast@92828f845157)
    com.unity.collab-proxy@2.13.3 (location: C:\Users\Astra\Desktop\sao\XRunity\Library\PackageCache\com.unity.collab-proxy@4f3be89e8675)
    com.unity.ide.rider@3.0.38 (location: C:\Users\Astra\Desktop\sao\XRunity\Library\PackageCache\com.unity.ide.rider@1f60b3138684)
    com.unity.ide.visualstudio@2.0.26 (location: C:\Users\Astra\Desktop\sao\XRunity\Library\PackageCache\com.unity.ide.visualstudio@a99d56dec63f)
    com.unity.inputsystem@1.20.0 (location: C:\Users\Astra\Desktop\sao\XRunity\Library\PackageCache\com.unity.inputsystem@7a4e1a2a8194)
    com.unity.timeline@1.8.12 (location: C:\Users\Astra\Desktop\sao\XRunity\Library\PackageCache\com.unity.timeline@8cd8509afae5)
    com.unity.visualscripting@1.9.11 (location: C:\Users\Astra\Desktop\sao\XRunity\Library\PackageCache\com.unity.visualscripting@8bed5ad90189)
    com.unity.burst@1.8.29 (location: C:\Users\Astra\Desktop\sao\XRunity\Library\PackageCache\com.unity.burst@6bb9aca3ef38)
    com.unity.searcher@4.9.4 (location: C:\Users\Astra\Desktop\sao\XRunity\Library\PackageCache\com.unity.searcher@d45a78918735)
    com.unity.nuget.mono-cecil@1.11.6 (location: C:\Users\Astra\Desktop\sao\XRunity\Library\PackageCache\com.unity.nuget.mono-cecil@ecb9724e46ff)
    com.unity.test-framework.performance@3.5.0 (location: C:\Users\Astra\Desktop\sao\XRunity\Library\PackageCache\com.unity.test-framework.performance@8b56083ec0f0)
  Built-in packages:
    com.unity.multiplayer.center@1.0.1 (location: C:\Users\Astra\Desktop\sao\XRunity\Library\PackageCache\com.unity.multiplayer.center@b860850997d0)
    com.unity.render-pipelines.universal@17.5.0 (location: C:\Users\Astra\Desktop\sao\XRunity\Library\PackageCache\com.unity.render-pipelines.universal@73b4c4ff130e)
    com.unity.test-framework@1.7.0 (location: C:\Users\Astra\Desktop\sao\XRunity\Library\PackageCache\com.unity.test-framework@1405238725ab)
    com.unity.ugui@2.5.0 (location: C:\Users\Astra\Desktop\sao\XRunity\Library\PackageCache\com.unity.ugui@67707a67a4ab)
    com.unity.modules.accessibility@1.0.0 (location: C:\Users\Astra\Desktop\sao\XRunity\Library\PackageCache\com.unity.modules.accessibility)
    com.unity.modules.adaptiveperformance@1.0.0 (location: C:\Users\Astra\Desktop\sao\XRunity\Library\PackageCache\com.unity.modules.adaptiveperformance)
    com.unity.modules.ai@1.0.0 (location: C:\Users\Astra\Desktop\sao\XRunity\Library\PackageCache\com.unity.modules.ai)
    com.unity.modules.androidjni@1.0.0 (location: C:\Users\Astra\Desktop\sao\XRunity\Library\PackageCache\com.unity.modules.androidjni)
    com.unity.modules.animation@1.0.0 (location: C:\Users\Astra\Desktop\sao\XRunity\Library\PackageCache\com.unity.modules.animation)
    com.unity.modules.assetbundle@1.0.0 (location: C:\Users\Astra\Desktop\sao\XRunity\Library\PackageCache\com.unity.modules.assetbundle)
    com.unity.modules.audio@1.0.0 (location: C:\Users\Astra\Desktop\sao\XRunity\Library\PackageCache\com.unity.modules.audio)
    com.unity.modules.cloth@1.0.0 (location: C:\Users\Astra\Desktop\sao\XRunity\Library\PackageCache\com.unity.modules.cloth)
    com.unity.modules.director@1.0.0 (location: C:\Users\Astra\Desktop\sao\XRunity\Library\PackageCache\com.unity.modules.director)
    com.unity.modules.imageconversion@1.0.0 (location: C:\Users\Astra\Desktop\sao\XRunity\Library\PackageCache\com.unity.modules.imageconversion)
    com.unity.modules.imgui@1.0.0 (location: C:\Users\Astra\Desktop\sao\XRunity\Library\PackageCache\com.unity.modules.imgui)
    com.unity.modules.jsonserialize@1.0.0 (location: C:\Users\Astra\Desktop\sao\XRunity\Library\PackageCache\com.unity.modules.jsonserialize)
    com.unity.modules.particlesystem@1.0.0 (location: C:\Users\Astra\Desktop\sao\XRunity\Library\PackageCache\com.unity.modules.particlesystem)
    com.unity.modules.physics@1.0.0 (location: C:\Users\Astra\Desktop\sao\XRunity\Library\PackageCache\com.unity.modules.physics)
    com.unity.modules.physics2d@1.0.0 (location: C:\Users\Astra\Desktop\sao\XRunity\Library\PackageCache\com.unity.modules.physics2d)
    com.unity.modules.physicscore2d@1.0.0 (location: C:\Users\Astra\Desktop\sao\XRunity\Library\PackageCache\com.unity.modules.physicscore2d)
    com.unity.modules.screencapture@1.0.0 (location: C:\Users\Astra\Desktop\sao\XRunity\Library\PackageCache\com.unity.modules.screencapture)
    com.unity.modules.terrain@1.0.0 (location: C:\Users\Astra\Desktop\sao\XRunity\Library\PackageCache\com.unity.modules.terrain)
    com.unity.modules.terrainphysics@1.0.0 (location: C:\Users\Astra\Desktop\sao\XRunity\Library\PackageCache\com.unity.modules.terrainphysics)
    com.unity.modules.tilemap@1.0.0 (location: C:\Users\Astra\Desktop\sao\XRunity\Library\PackageCache\com.unity.modules.tilemap)
    com.unity.modules.ui@1.0.0 (location: C:\Users\Astra\Desktop\sao\XRunity\Library\PackageCache\com.unity.modules.ui)
    com.unity.modules.uielements@1.0.0 (location: C:\Users\Astra\Desktop\sao\XRunity\Library\PackageCache\com.unity.modules.uielements)
    com.unity.modules.umbra@1.0.0 (location: C:\Users\Astra\Desktop\sao\XRunity\Library\PackageCache\com.unity.modules.umbra)
    com.unity.modules.unityanalytics@1.0.0 (location: C:\Users\Astra\Desktop\sao\XRunity\Library\PackageCache\com.unity.modules.unityanalytics)
    com.unity.modules.unitywebrequest@1.0.0 (location: C:\Users\Astra\Desktop\sao\XRunity\Library\PackageCache\com.unity.modules.unitywebrequest)
    com.unity.modules.unitywebrequestassetbundle@1.0.0 (location: C:\Users\Astra\Desktop\sao\XRunity\Library\PackageCache\com.unity.modules.unitywebrequestassetbundle)
    com.unity.modules.unitywebrequestaudio@1.0.0 (location: C:\Users\Astra\Desktop\sao\XRunity\Library\PackageCache\com.unity.modules.unitywebrequestaudio)
    com.unity.modules.unitywebrequesttexture@1.0.0 (location: C:\Users\Astra\Desktop\sao\XRunity\Library\PackageCache\com.unity.modules.unitywebrequesttexture)
    com.unity.modules.unitywebrequestwww@1.0.0 (location: C:\Users\Astra\Desktop\sao\XRunity\Library\PackageCache\com.unity.modules.unitywebrequestwww)
    com.unity.modules.vectorgraphics@1.0.0 (location: C:\Users\Astra\Desktop\sao\XRunity\Library\PackageCache\com.unity.modules.vectorgraphics)
    com.unity.modules.vehicles@1.0.0 (location: C:\Users\Astra\Desktop\sao\XRunity\Library\PackageCache\com.unity.modules.vehicles)
    com.unity.modules.video@1.0.0 (location: C:\Users\Astra\Desktop\sao\XRunity\Library\PackageCache\com.unity.modules.video)
    com.unity.modules.wind@1.0.0 (location: C:\Users\Astra\Desktop\sao\XRunity\Library\PackageCache\com.unity.modules.wind)
    com.unity.modules.xr@1.0.0 (location: C:\Users\Astra\Desktop\sao\XRunity\Library\PackageCache\com.unity.modules.xr)
    com.unity.modules.subsystems@1.0.0 (location: C:\Users\Astra\Desktop\sao\XRunity\Library\PackageCache\com.unity.modules.subsystems)
    com.unity.modules.hierarchycore@1.0.0 (location: C:\Users\Astra\Desktop\sao\XRunity\Library\PackageCache\com.unity.modules.hierarchycore)
    com.unity.ext.nunit@2.1.0 (location: C:\Users\Astra\Desktop\sao\XRunity\Library\PackageCache\com.unity.ext.nunit@44f7d31723bd)
    com.unity.render-pipelines.core@17.5.0 (location: C:\Users\Astra\Desktop\sao\XRunity\Library\PackageCache\com.unity.render-pipelines.core@645717f21c5f)
    com.unity.shadergraph@17.5.0 (location: C:\Users\Astra\Desktop\sao\XRunity\Library\PackageCache\com.unity.shadergraph@8d7376ec43ee)
    com.unity.render-pipelines.universal-config@17.5.0 (location: C:\Users\Astra\Desktop\sao\XRunity\Library\PackageCache\com.unity.render-pipelines.universal-config@fdda01c80fe3)
    com.unity.collections@6.5.0 (location: C:\Users\Astra\Desktop\sao\XRunity\Library\PackageCache\com.unity.collections@a43cabe808ca)
    com.unity.mathematics@1.4.0 (location: C:\Users\Astra\Desktop\sao\XRunity\Library\PackageCache\com.unity.mathematics@981956d94fb6)
  Git packages:
    com.whinarn.unitymeshsimplifier@https://github.com/Whinarn/UnityMeshSimplifier.git (location: C:\Users\Astra\Desktop\sao\XRunity\Library\PackageCache\com.whinarn.unitymeshsimplifier@53fdb3122645)
[Subsystems] No new subsystems found in resolved package list.
[Package Manager] Done registering packages in 0.01 seconds
Starting: C:\Program Files\Unity\Hub\Editor\6000.5.6f1\Editor\Data\Tools\BuildPipeline\bee_backend.exe --ipc --defer-dag-verification --dagfile="Library/Bee/1900b0aE.dag" --continue-on-failure --profile="Library/Bee/backend1.traceevents" ScriptAssemblies
WorkingDir: C:/Users/Astra/Desktop/sao/XRunity
DisplayProgressbar: Compiling Scripts
ExitCode: 0 Duration: 0s209ms
[ 794/1017  0s] ILPP-Configuration Library/ilpp-configuration.nevergeneratedoutput
*** Tundra build success (0.19 seconds), 1 items updated, 1017 evaluated
AssetDatabase: script compilation time: 0.531813s
Begin MonoManager ReloadAssembly
Total cache size 110000676
Total cache size after purge 110000676, took 00:00:00.0835573
Native extension for WindowsStandalone target not found
Native extension for WebGL target not found
ScheduleIndexationOnStartup MainProcess:True IndexOnStartup:True
Mono: successfully reloaded assembly
- Finished resetting the current domain, in  2.225 seconds
Domain Reload Profiling: 2895ms
	BeginReloadAssembly (173ms)
		DisableScriptedObjects (24ms)
		CreateAndSetChildDomain (37ms)
	RebuildCommonClasses (6ms)
	RebuildNativeTypeToScriptingClass (12ms)
	initialDomainReloadingComplete (40ms)
	LoadAllAssembliesAndSetupDomain (438ms)
		LoadAssemblies (248ms)
		AnalyzeDomain (181ms)
			TypeCache.Refresh (125ms)
				TypeCache.ScanAssembly (116ms)
			BuildScriptInfoCaches (49ms)
			ResolveRequiredComponents (5ms)
	FinalizeReload (2226ms)
		SetupLoadedEditorAssemblies (0ms)
			BeforeProcessingInitializeOnLoad (62ms)
			ProcessInitializeOnLoadAttributes (1762ms)
			ProcessInitializeOnLoadMethodAttributes (141ms)
			AfterProcessingInitializeOnLoad (4ms)
		AwakeInstancesAfterBackupRestoration (16ms)
Starting new worker id: 0 with log in C:/Users/Astra/Desktop/sao/XRunity/Logs/AssetImportWorkerHW0.log

Asset Pipeline Refresh (id=dfede2aa59af5ae408410909ad29a49b): Total: 3.925 seconds - Initiated by InitialRefreshV2(ForceSynchronousImport)
	(Values over 0.05ms)
	Summary:
		Imports: total=0 (actual=0, local cache=0, cache server=0)
		Asset DB Process Time: managed=0 ms, native=2585 ms
		Asset DB Callback time: managed=39 ms, native=14 ms
		Scripting: domain reloads=1, domain reload time=708 ms, compile time=533 ms, other=44 ms
		Project Asset Count: scripts=1417, non-scripts=2429
		Asset File Changes: new=0, changed=0, moved=0, deleted=0
		Scan Filter Count: 0
	InvokePackagesCallback: 15.152ms
	ApplyChangesToAssetFolders: 0.585ms
	Scan: 74.227ms
	Collect global state as custom dependencies: 13.669ms
	CategorizeScriptCompilationAssets: 34.719ms
	ProcessAssetsWithTransientArtifactChanges: 57.909ms
	CategorizeAssets: 38.859ms
	CompileScripts: 532.839ms
	ImportOutOfDateAssets: 2272.829ms (2239.469ms without children)
		UnloadImportedAssets: 0.552ms
		EnsureUptoDateAssetsAreRegisteredWithGuidPM: 0.429ms
		ImportSchedulerStart: 32.345ms
	PostProcessAllAssets: 39.243ms
		MonoPostProcessAllAssets: 39.191ms
			SyncVS.PostprocessSyncProject 7.627ms
			UniversalRenderPipelineGlobalSettingsPostprocessor.OnPostprocessAllAssets 7.396ms
			WindowAssetPostprocessingWatcher.OnPostprocessAllAssets 1.617ms
			SpeedTree9Postprocessor.OnPostprocessAllAssets 1.265ms
			EditModeScopePostprocessor.OnPostprocessAllAssets 0.851ms
			RenderPipelineGlobalSettingsPostprocessor.OnPostprocessAllAssets 0.529ms
			ShaderReflectionAssetPostProcessor.OnPostprocessAllAssets 0.271ms
			InputActionAssetPostprocessor.OnPostprocessAllAssets 0.199ms
			ReferencedClipsPostProcessor.OnPostprocessAllAssets 0.197ms
			TerrainToolbarOverlayPostProcessor.OnPostprocessAllAssets 0.141ms
			AssetDatabaseCallbacks.OnPostprocessAllAssets 0.125ms
			ProjectSettingsPostprocessor.OnPostprocessAllAssets 0.112ms
	UnloadStreamsBegin: 2.356ms
	PersistCurrentRevisions: 0.107ms
	GenerateScriptTypeHashes: 1.007ms
	GenerateScriptTypeSerializationHashes: 1.837ms
	Untracked: 837.248ms

Application.AssetDatabase Initial Refresh End
Launched and connected shader compiler UnityShaderCompiler.exe after 0.01 seconds
Scanning for USB devices : 5.219ms
Initializing Unity extensions:
[MODES] ModeService[none].Initialize
[MODES] ModeService[none].LoadModes
[MODES] Loading mode Default (0) for mode-current-id-XRunity
Unloading 25 Unused Serialized files (Serialized files now loaded: 0)
Unloading 6978 unused Assets / (8.5 MB). Loaded Objects now: 7893.
Memory consumption went from 418.0 MB to 409.5 MB.
Total: 11.064800 ms (FindLiveObjects: 0.479200 ms CreateObjectMapping: 1.520100 ms MarkObjects: 4.848700 ms  DeleteObjects: 4.211900 ms)

Unloading 2 Unused Serialized files (Serialized files now loaded: 0)
Unloading 1 unused Assets / (5.4 KB). Loaded Objects now: 7895.
Memory consumption went from 397.9 MB to 397.9 MB.
Total: 5.326000 ms (FindLiveObjects: 0.228100 ms CreateObjectMapping: 0.615800 ms MarkObjects: 4.461000 ms  DeleteObjects: 0.020400 ms)

Importing 'GUID: 7b025667f4cf91c4cb76b51b1a429d9d - Path: Assets/MVLImported/desk_v1.glb' with importer (ScriptedImporter : glTFast.Editor:GLTFast.Editor:GltfImporter)
Imported 'GUID: 7b025667f4cf91c4cb76b51b1a429d9d' -> (Import Result ID: '6737179d7d18d44c4f29169c104eac9b') in 0.182 seconds [static dependencies only]. Details - ImportResultOutputID=d116da4d73f7fe9ae83440a0149e16c6 DependenciesID=79f618ebbe86996325ae05ada8d2627d StaticDependenciesID=c4984f4ce8cd37427bd0b6a1a3c8b115 

Asset Pipeline Refresh (id=2d414acc8718bcb4fbce353980384009): Total: 0.361 seconds - Initiated by StopAssetImportingV2(NoUpdateAssetOptions)
	(Values over 0.05ms)
	Summary:
		Imports: total=1 (actual=1, local cache=0, cache server=0)
		Asset DB Process Time: managed=1 ms, native=253 ms
		Asset DB Callback time: managed=101 ms, native=4 ms
		Scripting: domain reloads=0, domain reload time=0 ms, compile time=0 ms, other=0 ms
		Project Asset Count: scripts=1417, non-scripts=2429
		Asset File Changes: new=0, changed=0, moved=0, deleted=0
		Scan Filter Count: 3
	ApplyChangesToAssetFolders: 0.154ms
	Scan: 8.806ms
	Collect global state as custom dependencies: 0.331ms
	ProcessAssetsWithTransientArtifactChanges: 0.142ms
	CategorizeAssets: 23.801ms
	ImportOutOfDateAssets: 214.366ms (5.665ms without children)
		ImportManagerImport: 183.952ms (0.987ms without children)
		UnloadImportedAssets: 0.103ms
		EnsureUptoDateAssetsAreRegisteredWithGuidPM: 0.343ms
		ImportSchedulerStart: 24.261ms
	PostProcessAllAssets: 104.036ms
		XRBuildSystem.XRAssetImported 2.355ms
		MonoPostProcessAllAssets: 101.177ms
			AssetPostprocessor.OnPostprocessAllAssets 55.554ms
			StyleCatalogPostProcessor.OnPostprocessAllAssets 23.759ms
			BuilderAssetPostprocessor.OnPostprocessAllAssets 6.940ms
			TextAssetPostProcessor.OnPostprocessAllAssets 3.312ms
			AssetChangedListener.OnPostprocessAllAssets 1.513ms
			RetainedModeAssetPostprocessor.OnPostprocessAllAssets 1.426ms
			ShaderGraphAssetPostProcessor.OnPostprocessAllAssets 1.317ms
			SyncVS.PostprocessSyncProject 0.827ms
			TMPro_TexturePostProcessor.OnPostprocessAllAssets 0.658ms
			UVCSAssetPostprocessor.OnPostprocessAllAssets 0.562ms
			ArtifactBrowserPostProcessor.OnPostprocessAllAssets 0.547ms
			MaterialPostprocessor.OnPostprocessAllAssets 0.546ms
			SampleDependencyImporterPostProcessor.OnPostprocessAllAssets 0.355ms
			AudioMixerPostprocessor.OnPostprocessAllAssets 0.341ms
			AssetEvents.OnPostprocessAllAssets 0.245ms
			PostProcessor.OnPostprocessAllAssets 0.227ms
			InputActionJsonNameModifierAssetProcessor.OnPostprocessAllAssets 0.220ms
			ConfigAssetsTracker.OnPostprocessAllAssets 0.211ms
			SpeedTreePostProcessor.OnPostprocessAllAssets 0.179ms
			SamplePostprocessor.OnPostprocessAllAssets 0.150ms
			ScenarioDriftAssetsTracker.OnPostprocessAllAssets 0.148ms
			AssetReloadNotifier.OnPostprocessAllAssets 0.130ms
			RenderPipelineGlobalSettingsPostprocessor.OnPostprocessAllAssets 0.098ms
			AudioContainerPostProcessor.OnPostprocessAllAssets 0.087ms
			InputActionAssetPostprocessor.OnPostprocessAllAssets 0.076ms
	PostAssetChangesProfiler: 2.020ms
	GatherAllCurrentPrimaryImportResultRevisions: 0.144ms
	UnloadStreamsBegin: 0.051ms
	PersistCurrentRevisions: 0.103ms
	Untracked: 3.703ms

Launched and connected uv unwrapper C:/Program Files/Unity/Hub/Editor/6000.5.6f1/Editor/Data/Tools/UnwrapCL.exe after 0.01 seconds
Worker ready: AssetImportWorkerHW0 0
Importing 'GUID: 3813f84586cfc6443a3cccdd4df58dc7 - Path: Assets/MVLImported/chair_v1.glb' with importer (ScriptedImporter : glTFast.Editor:GLTFast.Editor:GltfImporter)
Imported 'GUID: 3813f84586cfc6443a3cccdd4df58dc7' -> (Import Result ID: '371e151a6ec7bbca7e1e78e31d87d072') in 0.056 seconds [static dependencies only]. Details - ImportResultOutputID=d61c18bab0cc25db827d0e9d76d1226a DependenciesID=cb3b98e306df2648a79cbea5c1324c8b StaticDependenciesID=002c833980a034fdf333c3c73d740526 
Asset Pipeline Refresh (id=e6a8c7fb508756f4e93b30a93cbb284d): Total: 0.098 seconds - Initiated by StopAssetImportingV2(NoUpdateAssetOptions)
SetPerIndexUVs failed because the output has too many vertices
UnityEngine.Debug:ExtractStackTraceNoAlloc (byte*,int,string)
UnityEngine.StackTraceUtility:ExtractStackTrace ()
UnityEditor.MeshUtility:SetPerTriangleUV2NoCheck (UnityEngine.Mesh,UnityEngine.Vector2[])
UnityEditor.MeshUtility:SetPerTriangleUV2 (UnityEngine.Mesh,UnityEngine.Vector2[])
UnityEditor.Unwrapping:GenerateSecondaryUVSet (UnityEngine.Mesh)
MVL.SceneBuilder:DecimateAndUnwrap (UnityEngine.GameObject,int&,int&) (at Assets/Editor/SceneBuilder.cs:283)
MVL.SceneBuilder:PlaceObject (MVL.SceneObject,string,string) (at Assets/Editor/SceneBuilder.cs:231)
MVL.SceneBuilder:BuildAndCapture (string,string) (at Assets/Editor/SceneBuilder.cs:105)
MVL.BatchEntry:Run () (at Assets/Editor/SceneBuilder.cs:38)

[Assets/Editor/SceneBuilder.cs line 231]

Importing 'GUID: 413de7d5bb640334f821dcde979bd445 - Path: Assets/MVLImported/bookshelf_v1.glb' with importer (ScriptedImporter : glTFast.Editor:GLTFast.Editor:GltfImporter)
Imported 'GUID: 413de7d5bb640334f821dcde979bd445' -> (Import Result ID: 'bb34591cc4e9365def1d43a9ddbc5146') in 0.070 seconds [static dependencies only]. Details - ImportResultOutputID=ac5532c6ef23b7fb2f9b1335e4b19d8e DependenciesID=491f9819cae162d65722006701339b6b StaticDependenciesID=8d5ae43ba60c0ee1caf92b2e0165706b 
Asset Pipeline Refresh (id=30e98e8a0c26b98428033226b6018a52): Total: 0.107 seconds - Initiated by StopAssetImportingV2(NoUpdateAssetOptions)
Importing 'GUID: 0742588b90d9f4d429e58de19ab46dfb - Path: Assets/MVLImported/floor_lamp_v2.glb' with importer (ScriptedImporter : glTFast.Editor:GLTFast.Editor:GltfImporter)
Imported 'GUID: 0742588b90d9f4d429e58de19ab46dfb' -> (Import Result ID: '07bebe1dee3f62c9210570eb773e416a') in 0.066 seconds [static dependencies only]. Details - ImportResultOutputID=1d369008415b2978c43df1407fc996eb DependenciesID=581cc832d8a1a799934848a04be98586 StaticDependenciesID=e383c3a60171721bfb0dc7833eb17368 
Asset Pipeline Refresh (id=ded1cc3ba6c58aa438d04400de4107a7): Total: 0.121 seconds - Initiated by StopAssetImportingV2(NoUpdateAssetOptions)
Importing 'GUID: 15a1f933a9383ec4294189a99712bd54 - Path: Assets/MVLImported/cabinet_v1.glb' with importer (ScriptedImporter : glTFast.Editor:GLTFast.Editor:GltfImporter)
Imported 'GUID: 15a1f933a9383ec4294189a99712bd54' -> (Import Result ID: '3a91689913433d84e1c626bb33f648ef') in 0.056 seconds [static dependencies only]. Details - ImportResultOutputID=e6387d8fe0d56c50363a27eb5fb90cd2 DependenciesID=08a6a2237cb4d380d41fa48b0707f827 StaticDependenciesID=462e2da02327b0c901108eec0778ddc5 
Asset Pipeline Refresh (id=b5ed2057f8c246940abcdb760fea4ca2): Total: 0.094 seconds - Initiated by StopAssetImportingV2(NoUpdateAssetOptions)
Importing 'GUID: f43c622f27bc93141869a6fab07a525e - Path: Assets/MVLImported/trash_bin_v1.glb' with importer (ScriptedImporter : glTFast.Editor:GLTFast.Editor:GltfImporter)
Imported 'GUID: f43c622f27bc93141869a6fab07a525e' -> (Import Result ID: '4de848bf0040758a209f05ed3f0af77f') in 0.050 seconds [static dependencies only]. Details - ImportResultOutputID=c04cbbbb6b018208aa187d14de8ed95f DependenciesID=8dabce616f804a86a6ad96e01b143b75 StaticDependenciesID=2b05394f3a8e6c311bf3ce1f3f26b23b 
Asset Pipeline Refresh (id=18688e3f8af4bd449bab79eb23083745): Total: 0.088 seconds - Initiated by StopAssetImportingV2(NoUpdateAssetOptions)
Importing 'GUID: 729efc8e184755b479ae8b702a9a5fca - Path: Assets/MVLImported/backpack_v1.glb' with importer (ScriptedImporter : glTFast.Editor:GLTFast.Editor:GltfImporter)
Imported 'GUID: 729efc8e184755b479ae8b702a9a5fca' -> (Import Result ID: 'a00b58fdd4a230854ca17eef6d8f7ff8') in 0.064 seconds [static dependencies only]. Details - ImportResultOutputID=fd5d81c117c90104b31369a0deaa75f6 DependenciesID=2c3dac5e43c2c4a5c79f8b216e37b24c StaticDependenciesID=eba1278a79c1d703fda1d2bce7f0b014 
Asset Pipeline Refresh (id=a127b796eaf69da449f6f11be2589462): Total: 0.102 seconds - Initiated by StopAssetImportingV2(NoUpdateAssetOptions)
SetPerIndexUVs failed because the output has too many vertices
UnityEngine.Debug:ExtractStackTraceNoAlloc (byte*,int,string)
UnityEngine.StackTraceUtility:ExtractStackTrace ()
UnityEditor.MeshUtility:SetPerTriangleUV2NoCheck (UnityEngine.Mesh,UnityEngine.Vector2[])
UnityEditor.MeshUtility:SetPerTriangleUV2 (UnityEngine.Mesh,UnityEngine.Vector2[])
UnityEditor.Unwrapping:GenerateSecondaryUVSet (UnityEngine.Mesh)
MVL.SceneBuilder:DecimateAndUnwrap (UnityEngine.GameObject,int&,int&) (at Assets/Editor/SceneBuilder.cs:283)
MVL.SceneBuilder:PlaceObject (MVL.SceneObject,string,string) (at Assets/Editor/SceneBuilder.cs:231)
MVL.SceneBuilder:BuildAndCapture (string,string) (at Assets/Editor/SceneBuilder.cs:105)
MVL.BatchEntry:Run () (at Assets/Editor/SceneBuilder.cs:38)

[Assets/Editor/SceneBuilder.cs line 231]

Importing 'GUID: 149f52e1fc053d2409196ef99269a3e0 - Path: Assets/MVLImported/plant_v1.glb' with importer (ScriptedImporter : glTFast.Editor:GLTFast.Editor:GltfImporter)
Imported 'GUID: 149f52e1fc053d2409196ef99269a3e0' -> (Import Result ID: 'cab46b32d6d7e6d8d6c1197be5177b79') in 0.069 seconds [static dependencies only]. Details - ImportResultOutputID=878593eb521436dc2fc59fe27b977e7f DependenciesID=f3cf698f30f0001d5d17be80b35ff6e1 StaticDependenciesID=c08f73050690c306a8aaff923259e5ed 
Asset Pipeline Refresh (id=463fb5c1c90736846b54650a5fe5d19c): Total: 0.106 seconds - Initiated by StopAssetImportingV2(NoUpdateAssetOptions)
[MVL] UV2スキップ(頂点66943): geometry_0_dec — 追加デシメーション
UnityEngine.Debug:ExtractStackTraceNoAlloc (byte*,int,string)
UnityEngine.StackTraceUtility:ExtractStackTrace ()
UnityEngine.DebugLogHandler:Internal_Log (UnityEngine.LogType,UnityEngine.LogOption,string,UnityEngine.Object)
UnityEngine.DebugLogHandler:LogFormat (UnityEngine.LogType,UnityEngine.Object,string,object[])
UnityEngine.Logger:Log (UnityEngine.LogType,object)
UnityEngine.Debug:LogWarning (object)
MVL.SceneBuilder:DecimateAndUnwrap (UnityEngine.GameObject,int&,int&) (at Assets/Editor/SceneBuilder.cs:287)
MVL.SceneBuilder:PlaceObject (MVL.SceneObject,string,string) (at Assets/Editor/SceneBuilder.cs:231)
MVL.SceneBuilder:BuildAndCapture (string,string) (at Assets/Editor/SceneBuilder.cs:105)
MVL.BatchEntry:Run () (at Assets/Editor/SceneBuilder.cs:38)

(Filename: Assets/Editor/SceneBuilder.cs Line: 287)

Importing 'GUID: cddde52a677b62d4ba7c0bb17c46a284 - Path: Assets/MVLImported/rug_v1.glb' with importer (ScriptedImporter : glTFast.Editor:GLTFast.Editor:GltfImporter)
Imported 'GUID: cddde52a677b62d4ba7c0bb17c46a284' -> (Import Result ID: 'a8d547ec7559529dc6c7770bc9c70175') in 0.072 seconds [static dependencies only]. Details - ImportResultOutputID=6629640572fbb9952cbd96e74c8c7d9f DependenciesID=a75c18f04a2ce6679dfccc0ac53401f4 StaticDependenciesID=0b85ee02c90dcdce02ef43c553506a59 
Asset Pipeline Refresh (id=b3371b829ad162c46837988974abdfdd): Total: 0.109 seconds - Initiated by StopAssetImportingV2(NoUpdateAssetOptions)
Importing 'GUID: c1211e5975e693b439f51ee949e9cb24 - Path: Assets/MVLImported/monitor_v1.glb' with importer (ScriptedImporter : glTFast.Editor:GLTFast.Editor:GltfImporter)
Imported 'GUID: c1211e5975e693b439f51ee949e9cb24' -> (Import Result ID: 'd2ba590918610e61622225301b7fb0eb') in 0.061 seconds [static dependencies only]. Details - ImportResultOutputID=4afe2359a80eaa1be3c972c15a7fd0e2 DependenciesID=b153109b266eac7b7af1a3681d48f3a5 StaticDependenciesID=2c8635925175bc3c0c12383155acd33a 
Asset Pipeline Refresh (id=9709536dd68e2c34dbc76e121b193535): Total: 0.103 seconds - Initiated by StopAssetImportingV2(NoUpdateAssetOptions)
Importing 'GUID: f1e397546a101ee43a9e399f0db75505 - Path: Assets/MVLImported/laptop_v1.glb' with importer (ScriptedImporter : glTFast.Editor:GLTFast.Editor:GltfImporter)
Imported 'GUID: f1e397546a101ee43a9e399f0db75505' -> (Import Result ID: '7ee61ad2f149bacd0621407c6e1f11dc') in 0.057 seconds [static dependencies only]. Details - ImportResultOutputID=a9bd629a3bb82f37b9a46f78be75d7a2 DependenciesID=3c6a476ce88e63755562f61072cde3d1 StaticDependenciesID=9760acc78c65a6567b35c48afc51a8a6 
Asset Pipeline Refresh (id=13f92bf878579454b807baa02fac7d14): Total: 0.095 seconds - Initiated by StopAssetImportingV2(NoUpdateAssetOptions)
Importing 'GUID: fa8d793990487f34f9cf70e7d320eb45 - Path: Assets/MVLImported/lamp_v1.glb' with importer (ScriptedImporter : glTFast.Editor:GLTFast.Editor:GltfImporter)
Imported 'GUID: fa8d793990487f34f9cf70e7d320eb45' -> (Import Result ID: 'f509dd3e6f41b03c474eac53f51df96e') in 0.097 seconds [static dependencies only]. Details - ImportResultOutputID=80d1b52506f371607b762ee8ccc99657 DependenciesID=7be5996e8f2735c67c5008131858b36b StaticDependenciesID=68b4329ee72a6ac62e56e45747026fd8 
Asset Pipeline Refresh (id=adeba87cdcb03f549b8e8b049f744443): Total: 0.135 seconds - Initiated by StopAssetImportingV2(NoUpdateAssetOptions)
SetPerIndexUVs failed because the output has too many vertices
UnityEngine.Debug:ExtractStackTraceNoAlloc (byte*,int,string)
UnityEngine.StackTraceUtility:ExtractStackTrace ()
UnityEditor.MeshUtility:SetPerTriangleUV2NoCheck (UnityEngine.Mesh,UnityEngine.Vector2[])
UnityEditor.MeshUtility:SetPerTriangleUV2 (UnityEngine.Mesh,UnityEngine.Vector2[])
UnityEditor.Unwrapping:GenerateSecondaryUVSet (UnityEngine.Mesh)
MVL.SceneBuilder:DecimateAndUnwrap (UnityEngine.GameObject,int&,int&) (at Assets/Editor/SceneBuilder.cs:283)
MVL.SceneBuilder:PlaceObject (MVL.SceneObject,string,string) (at Assets/Editor/SceneBuilder.cs:231)
MVL.SceneBuilder:BuildAndCapture (string,string) (at Assets/Editor/SceneBuilder.cs:105)
MVL.BatchEntry:Run () (at Assets/Editor/SceneBuilder.cs:38)

[Assets/Editor/SceneBuilder.cs line 231]

Importing 'GUID: cebb131711ab9724480bcc2c06093104 - Path: Assets/MVLImported/mug_v1.glb' with importer (ScriptedImporter : glTFast.Editor:GLTFast.Editor:GltfImporter)
Imported 'GUID: cebb131711ab9724480bcc2c06093104' -> (Import Result ID: '31bea14305c3a7e6c019725e0743963a') in 0.064 seconds [static dependencies only]. Details - ImportResultOutputID=a7f662e0c674110f4e8bb90d11bc12f9 DependenciesID=16e875e79af4088fafe033b0a76da6a9 StaticDependenciesID=56332f15dd2e883a9ae7f42a3b35ea44 
Asset Pipeline Refresh (id=8d7c825c5b84c334ba85da9d9c592c73): Total: 0.101 seconds - Initiated by StopAssetImportingV2(NoUpdateAssetOptions)
Importing 'GUID: 8996a37cede3dde4799e7c76ed5bbdad - Path: Assets/MVLImported/pen_holder_v1.glb' with importer (ScriptedImporter : glTFast.Editor:GLTFast.Editor:GltfImporter)
Imported 'GUID: 8996a37cede3dde4799e7c76ed5bbdad' -> (Import Result ID: '861484847ed10fb92494529144be70cb') in 0.060 seconds [static dependencies only]. Details - ImportResultOutputID=271b850166d4d0bebe2976b3d93d2ca9 DependenciesID=0185d353b53842ecc9a7d3f5a9f54ac2 StaticDependenciesID=8589c88e841aa7a4b27f3533da01b849 
Asset Pipeline Refresh (id=980b4fa005ab61349b426e51e36f122d): Total: 0.104 seconds - Initiated by StopAssetImportingV2(NoUpdateAssetOptions)
Importing 'GUID: 5a36774b302121649bc59b8ad290cc55 - Path: Assets/MVLImported/books_v1.glb' with importer (ScriptedImporter : glTFast.Editor:GLTFast.Editor:GltfImporter)
Imported 'GUID: 5a36774b302121649bc59b8ad290cc55' -> (Import Result ID: '3bc98513a553204f9295f0a3c6d8ef2a') in 0.053 seconds [static dependencies only]. Details - ImportResultOutputID=7df4432a2ed0226c7db82005092f7799 DependenciesID=1759e298b83d449cdc924b14a311b415 StaticDependenciesID=f72ecc65cace95fbf85f74ebfffcce67 
Asset Pipeline Refresh (id=285ca3c99f9803245a341710029ca30f): Total: 0.090 seconds - Initiated by StopAssetImportingV2(NoUpdateAssetOptions)
Importing 'GUID: e2bf2614fde89aa4fa9a3600c35f9ed4 - Path: Assets/MVLImported/printer_v1.glb' with importer (ScriptedImporter : glTFast.Editor:GLTFast.Editor:GltfImporter)
Imported 'GUID: e2bf2614fde89aa4fa9a3600c35f9ed4' -> (Import Result ID: '72e98d4f8f358e77d98b0f922896f343') in 0.050 seconds [static dependencies only]. Details - ImportResultOutputID=e3d12e58cb905588a7049b28e8cc2bc2 DependenciesID=de7440dc32aff041f7e1407426338ac3 StaticDependenciesID=6bbe400bf69c8ee2a954c3d234ecd37a 
Asset Pipeline Refresh (id=a5f5f2346c7c1f148ae5a3603d0bc676): Total: 0.087 seconds - Initiated by StopAssetImportingV2(NoUpdateAssetOptions)
Importing 'GUID: 219f14a9288f44c49b286b8ae124c6ed - Path: Assets/MVL_Temp.unity' with importer (DefaultImporter)
Imported 'GUID: 219f14a9288f44c49b286b8ae124c6ed' -> (Import Result ID: '3aa4cf42f365045a1f10350e57aca037') in 0.005 seconds [static dependencies only]. Details - ImportResultOutputID=6aabba4521f6ed98d5ebb2bcdf063753 DependenciesID=68629188cdbaab6120a3c4ce4322e68c StaticDependenciesID=581339d72a57691559073388445ca546 
Asset Pipeline Refresh (id=c0276118c5d9fe442bc6584f6102460d): Total: 0.066 seconds - Initiated by StopAssetImportingV2(NoUpdateAssetOptions)
DisplayProgressbar: Baking Adaptive Probe Volumes
Created GICache directory at C:/Users/Astra/AppData/LocalLow/Unity/Caches/GiCache. Took: 0.008s, timestamps: [232.728 - 232.736]
[00:03:46] Precompute started.
[BakePipeline::Driver] Extracted OOTS snapshot with 22 instances, 19 geometries, 17 meshes, 18 materials, 1 lights, 0 cookies in 252.34ms.
-- Listing OpenCL platforms(s) --
 * OpenCL platform 0
	PROFILE = FULL_PROFILE
	VERSION = OpenCL 3.0 CUDA 13.2.73
	NAME = NVIDIA CUDA
	VENDOR = NVIDIA Corporation
 * OpenCL platform 1
	PROFILE = FULL_PROFILE
	VERSION = OpenCL 3.0 
	NAME = Intel(R) OpenCL Graphics
	VENDOR = Intel(R) Corporation
-- Listing OpenCL device(s) --
 * OpenCL platform 0, device 0 
	DEVICE_TYPE = 4
	DEVICE_NAME = NVIDIA GeForce RTX 4060 Ti
	DEVICE_VENDOR = NVIDIA Corporation
	DEVICE_VERSION = OpenCL 3.0 CUDA
	DRIVER_VERSION = 596.21
	DEVICE_MAX_COMPUTE_UNITS = 34
	DEVICE_MAX_CLOCK_FREQUENCY = 2535
	CL_DEVICE_MAX_CONSTANT_BUFFER_SIZE = 65536
	CL_DEVICE_HOST_UNIFIED_MEMORY = false
	CL_DEVICE_MAX_MEM_ALLOC_SIZE = 2146304000
	DEVICE_GLOBAL_MEM_SIZE = 8585216000
 * OpenCL platform 1, device 0 
	DEVICE_TYPE = 4
	DEVICE_NAME = Intel(R) UHD Graphics 770
	DEVICE_VENDOR = Intel(R) Corporation
	DEVICE_VERSION = OpenCL 3.0 NEO 
	DRIVER_VERSION = 32.0.101.7082
	DEVICE_MAX_COMPUTE_UNITS = 32
	DEVICE_MAX_CLOCK_FREQUENCY = 1600
	CL_DEVICE_MAX_CONSTANT_BUFFER_SIZE = 4294959104
	CL_DEVICE_HOST_UNIFIED_MEMORY = true
	CL_DEVICE_MAX_MEM_ALLOC_SIZE = 4294959104
	DEVICE_GLOBAL_MEM_SIZE = 15539830784
	Adjusted DEVICE_GLOBAL_MEM_SIZE due to Intel specific driver reservation, new value is 19922859979.
[BakePipeline::Driver] Transformed OOTS snapshot into LightBaker scene input (000001554D6E2470) in 177.19ms. Size: 38.80MB.
[BakePipeline::PreprocessStage] Background thread started.
[00:03:47] Builtin Sky manager started.
[00:03:47] Finished 1 Layout Systems job (0.01s execute, 0.00s integrate, 0.60s wallclock)
[00:03:47] Finished 1 Bake Ambient Probe job (0.00s execute, 0.00s integrate, 0.01s wallclock)
[00:03:47] Finished 1 Tetrahedralize Probes job (0.00s execute, 0.00s integrate, 0.21s wallclock)
[00:03:47] Precompute took 0.802110 seconds.
Enlighten scene contents:   0 geometries.   0 instances.   0 systems.   0 probe groups.   0 cube maps. Scene is up-to-date.
[00:03:47] Finished 1 Bake Ambient Probe job (0.00s execute, 0.00s integrate, 0.01s wallclock)
[PathTracer] Finished packing lightmaps in 0.401868 seconds.
[BakePipeline::BakeStage] Background thread started. Calling LightBaker.
-- GPU Progressive lightmapper will use OpenCL device 'NVIDIA GeForce RTX 4060 Ti' from 'NVIDIA Corporation'--
   use -OpenCL-PlatformAndDeviceIndices <platformIdx> <deviceIdx> as command line arguments if you want to select a specific adapter for OpenCL.
Loading expansionAndGathering.cl with hash 5acfedf33ae60d530ba172d600de3f54 from cache.
Loading prepareLightRays.cl with hash a5445a1a4464e303e4de88239155ef87 from cache.
Loading processLightRays.cl with hash 1632738666994f31379e1be030bb6672 from cache.
Loading intersectBvh.cl with hash 0a03c1555fc782a79a92c60269308519 from cache.
Loading preparePathRays.cl with hash 5b5a91fd2b410ffc563b0bd94deb5dce from cache.
Loading prepareEnvironmentRays.cl with hash 4967af8fa5049c83b03cb4fc93bc6dcd from cache.
Loading processEnvironment.cl with hash 84ec24254ea534117ced23eb63d8d129 from cache.
Loading processBounce.cl with hash 8a53f2805152b22e74fe2b9340c92d45 from cache.
Loading culling.cl with hash 6c692014c2f1019ea9efc19ba9328f4f from cache.
Loading fillBuffer.cl with hash 25f6280fd316e2c384a3010b1345adfc from cache.
Loading expansionAndGathering.cl with hash 088d1ec12cf95c1e2693687e2c240765 from cache.
Loading prepareLightRays.cl with hash 70ef82c9c363e58e40b17b24fdf5a366 from cache.
Loading preparePathRays.cl with hash 14237e3c03a2c03116bc318b70d88955 from cache.
Loading prepareEnvironmentRays.cl with hash 034f1ab0ffc71ad1ac2ed3e51496de12 from cache.
Loading processEnvironment.cl with hash fc826d8fb3ef680f707090ca903a1e72 from cache.
Loading processLightRays.cl with hash 5908050f0d48839d977e058b65402043 from cache.
Loading processBounce.cl with hash a501562fd8f5ea9fa52922c4f2bd7d4d from cache.
Loading compositeLightmaps.cl with hash e0fbf7a52a66ed5da0ca8eee0dac3dc5 from cache.
Loading atrousFilter.cl with hash b4b4b64cb29fbca65202e916307f18b3 from cache.
Loading atrousFilter.cl with hash a72b1e7703fab58e80e2e103e8483e59 from cache.
Loading atrousFilter.cl with hash 3f84ea4f555acf7048fc5788aa07bba0 from cache.
Loading convergence.cl with hash 1868782a17b88ba393385e598f52ec2d from cache.
Loading customBake.cl with hash 31b22d2f9c1b614b73735d4975735534 from cache.
Loading postProcessProbes.cl with hash 45dc5c734104a66df41d2611b35134e2 from cache.
[PathTracer] Loaded OpenCL shaders in 0.021 secs -> Timestamps: [233.810 - 233.831].
Progress timing - render light probes	0.00	0	89973589
[BakePipeline::BakeStage] LightBaker bake took 1760.60ms and succeeded.
[BakePipeline::PostProcessStage] Started.
[BakePipeline::Run] Completed succesfully.
[00:03:50] LightingDataAsset started.
Asset Pipeline Refresh (id=a61f5f8823338154787338dafb40ccf7): Total: 0.060 seconds - Initiated by StopAssetImportingV2(NoUpdateAssetOptions)
Asset Pipeline Refresh (id=a3d23a19b2c849641a1ef6c4d6d74a54): Total: 0.054 seconds - Initiated by StopAssetImportingV2(NoUpdateAssetOptions)
Asset Pipeline Refresh (id=d911b8939cad1fb4083199c463a96fe1): Total: 0.056 seconds - Initiated by StopAssetImportingV2(NoUpdateAssetOptions)
Asset Pipeline Refresh (id=9f3465ea42b2aa143a72dbfd050b6909): Total: 0.053 seconds - Initiated by StopAssetImportingV2(NoUpdateAssetOptions)
Asset Pipeline Refresh (id=ab5b838e012a9764894b7becc46de018): Total: 0.055 seconds - Initiated by StopAssetImportingV2(NoUpdateAssetOptions)
Asset Pipeline Refresh (id=e499141c0682c0b4ca3bacb8d5f9ef7a): Total: 0.055 seconds - Initiated by StopAssetImportingV2(NoUpdateAssetOptions)
Importing 'GUID: c371ea1f3aa2c0b4581640fc0081a9f2 - Path: Assets/MVL_Temp/Lightmap-0_comp_light.exr' with importer (TextureImporter)
Imported 'GUID: c371ea1f3aa2c0b4581640fc0081a9f2' -> (Import Result ID: '18e89ffd564bbb9fce661995300df456') in 0.007 seconds [static and dynamic dependencies]. Details - ImportResultOutputID=fb14614b65f6a5b162f58450b5c4015e DependenciesID=412b5e2c94de4c4beeaf3e3715a8f330 StaticDependenciesID=485f7c9d2a2fcc555bf4a6cd72295afc 
Importing 'GUID: 260bc3544a5022f4ea681f57311177e1 - Path: Assets/MVL_Temp/Lightmap-1_comp_light.exr' with importer (TextureImporter)
Imported 'GUID: 260bc3544a5022f4ea681f57311177e1' -> (Import Result ID: 'fa38b3cf0ab3253dbe7e3994a1523d74') in 0.004 seconds [static and dynamic dependencies]. Details - ImportResultOutputID=73dcb836a574fd30c8472c7969318cfb DependenciesID=22b28a5c0e3b1b93035f4bbe6b0d69e9 StaticDependenciesID=77b8420d2392133a7b11c313d5b4da53 
Importing 'GUID: 962d6d283c219c844bade361c9b8aacc - Path: Assets/MVL_Temp/Lightmap-0_comp_dir.png' with importer (TextureImporter)
Imported 'GUID: 962d6d283c219c844bade361c9b8aacc' -> (Import Result ID: '67f5acd30a95ddc4d6a100f518ff64be') in 0.002 seconds [static and dynamic dependencies]. Details - ImportResultOutputID=039284b1fb09aa27cc80af1f9a75b06e DependenciesID=5476906e30ad59885e0c40f6a35243fe StaticDependenciesID=42ab7d0a486e75757d83ceb5370f858a 
Importing 'GUID: bc487ad38aa94234592bfa4a2ca253e7 - Path: Assets/MVL_Temp/Lightmap-2_comp_light.exr' with importer (TextureImporter)
Imported 'GUID: bc487ad38aa94234592bfa4a2ca253e7' -> (Import Result ID: '60f53b3eefe6bba2444efa63d9968562') in 0.004 seconds [static and dynamic dependencies]. Details - ImportResultOutputID=087031b25ef6e20f19223881a7274fd9 DependenciesID=c1e9c823f5e1159ec19b1d86cabca31c StaticDependenciesID=dc11d297f40a5010faab093712fe7b99 
Importing 'GUID: 5e4870579590f0b439de6f282bda5777 - Path: Assets/MVL_Temp/Lightmap-1_comp_dir.png' with importer (TextureImporter)
Imported 'GUID: 5e4870579590f0b439de6f282bda5777' -> (Import Result ID: '186c0760f559a8e7dbf9044a09a1afa8') in 0.002 seconds [static and dynamic dependencies]. Details - ImportResultOutputID=b3d3f01ea00109e32b60c628e0aea55a DependenciesID=9aa6f1a1838b0b44517bb72a26e1b5e7 StaticDependenciesID=b8d2d4ddb5d82b32c0d93b2668b0c499 
Importing 'GUID: de2e8eb15e63aab46b4a2e825d4974a9 - Path: Assets/MVL_Temp/Lightmap-2_comp_dir.png' with importer (TextureImporter)
Imported 'GUID: de2e8eb15e63aab46b4a2e825d4974a9' -> (Import Result ID: 'bbff0391a067f567004d3fe233896873') in 0.002 seconds [static and dynamic dependencies]. Details - ImportResultOutputID=470d4ad2061d7df8f385b3e8be4fa7d4 DependenciesID=2c5c2a237d36fd643e799cad51d74fea StaticDependenciesID=02bbc822a5667aa4c9742a0ecded5331 
Asset Pipeline Refresh (id=fa7e71b70a22f5e49a6cb8aaf4296be7): Total: 0.085 seconds - Initiated by StopAssetImportingV2(NoUpdateAssetOptions)
Importing 'GUID: c371ea1f3aa2c0b4581640fc0081a9f2 - Path: Assets/MVL_Temp/Lightmap-0_comp_light.exr' with importer (TextureImporter)
Imported 'GUID: c371ea1f3aa2c0b4581640fc0081a9f2' -> (Import Result ID: '295d276d37396f8da8b1bb9833544792') in 0.008 seconds [static and dynamic dependencies]. Details - ImportResultOutputID=6918773f030d214b0eaae0a2da84ccd5 DependenciesID=5556939bde10ef347190de6c18d07c44 StaticDependenciesID=ba9df58f07175476a5a6d3dd994d15f8 
Importing 'GUID: 260bc3544a5022f4ea681f57311177e1 - Path: Assets/MVL_Temp/Lightmap-1_comp_light.exr' with importer (TextureImporter)
Imported 'GUID: 260bc3544a5022f4ea681f57311177e1' -> (Import Result ID: 'b6b7ff8c2f1de9c5f05b426cb0551ef1') in 0.008 seconds [static and dynamic dependencies]. Details - ImportResultOutputID=bea3137791271e44795c83b5d81cf316 DependenciesID=ba820caba8429b84311813b63f5f2d67 StaticDependenciesID=612d1fb76fa6d574360bfbf9ef45339f 
Importing 'GUID: 962d6d283c219c844bade361c9b8aacc - Path: Assets/MVL_Temp/Lightmap-0_comp_dir.png' with importer (TextureImporter)
Imported 'GUID: 962d6d283c219c844bade361c9b8aacc' -> (Import Result ID: '442f9691f24e351b39328556015bd245') in 0.007 seconds [static and dynamic dependencies]. Details - ImportResultOutputID=efbd2c23158f8a992e7aa34907d2c956 DependenciesID=8d69614b629d6529aa34cd0bd21a08f3 StaticDependenciesID=31e2a7905b6f126406c95caff45f14bc 
Importing 'GUID: bc487ad38aa94234592bfa4a2ca253e7 - Path: Assets/MVL_Temp/Lightmap-2_comp_light.exr' with importer (TextureImporter)
Imported 'GUID: bc487ad38aa94234592bfa4a2ca253e7' -> (Import Result ID: 'e71303ec2dfe069fa22b66c812573974') in 0.007 seconds [static and dynamic dependencies]. Details - ImportResultOutputID=159703ffd58263c01dbad5c5bf367bf6 DependenciesID=b81c42545a2845c9e85e62e463ad8f46 StaticDependenciesID=62cc032d354d5f8117ad66c6788feed2 
Importing 'GUID: 5e4870579590f0b439de6f282bda5777 - Path: Assets/MVL_Temp/Lightmap-1_comp_dir.png' with importer (TextureImporter)
Imported 'GUID: 5e4870579590f0b439de6f282bda5777' -> (Import Result ID: '8d038bda3e8feb17d83a515d8a5b1bbe') in 0.005 seconds [static and dynamic dependencies]. Details - ImportResultOutputID=435dbdc2624d7ca90b2f3022587e99a7 DependenciesID=a00e9fbad8e36142af34327e9268b45f StaticDependenciesID=c436d2f2f54679d14f3a246e5d4a0eb1 
Importing 'GUID: de2e8eb15e63aab46b4a2e825d4974a9 - Path: Assets/MVL_Temp/Lightmap-2_comp_dir.png' with importer (TextureImporter)
Imported 'GUID: de2e8eb15e63aab46b4a2e825d4974a9' -> (Import Result ID: '0bcd9cb82b4d2357c60b1d7dc8261804') in 0.006 seconds [static and dynamic dependencies]. Details - ImportResultOutputID=993c7b4a724d16e536961f1cce7cbe02 DependenciesID=e188f52496bafc624e2949771a3637c7 StaticDependenciesID=8648da13dd3e5dcdfae121c1a4ed69ee 
Asset Pipeline Refresh (id=bc81078601e9d5e44890488489e990a1): Total: 0.114 seconds - Initiated by StopAssetImportingV2(NoUpdateAssetOptions)
Asset Pipeline Refresh (id=68583b62aaa11514eaf1a04218efebea): Total: 0.001 seconds - Initiated by StopAssetImportingV2(NoUpdateAssetOptions)
Asset Pipeline Refresh (id=3dff1d27b231c6340a7a2da91ae8b0ce): Total: 0.047 seconds - Initiated by StopAssetImportingV2(NoUpdateAssetOptions)
Importing 'GUID: cc435b47ab554f040b95b2a5b8ee101b - Path: Assets/MVL_Temp/ReflectionProbe-0.exr' with importer (TextureImporter)
Imported 'GUID: cc435b47ab554f040b95b2a5b8ee101b' -> (Import Result ID: '5cf6161f0cdbf9601e84d1c0b2c1236d') in 0.005 seconds [static and dynamic dependencies]. Details - ImportResultOutputID=9a4255c65d106138fad088d92114e7e3 DependenciesID=867c1ae9bc7b86319c10e1705d301009 StaticDependenciesID=2e51e3508d6cb282f336c6150d7a5684 
Asset Pipeline Refresh (id=477b5e4b7d1f0b54fb53ae0db4b6da0c): Total: 0.062 seconds - Initiated by StopAssetImportingV2(NoUpdateAssetOptions)
Importing 'GUID: cc435b47ab554f040b95b2a5b8ee101b - Path: Assets/MVL_Temp/ReflectionProbe-0.exr' with importer (TextureImporter)
Starting cubemap convolution for '' (size 128)
...took 0.029 seconds
Imported 'GUID: cc435b47ab554f040b95b2a5b8ee101b' -> (Import Result ID: '3802edfdbef2dcb672a88411dc30eaed') in 0.096 seconds [static and dynamic dependencies]. Details - ImportResultOutputID=026b9482f63c2bec4ba785038e198abe DependenciesID=5e067fb005b61951b92b08db1d1abaff StaticDependenciesID=8b7e2ef81af7e1bb27563d0a79dc5ea9 
Asset Pipeline Refresh (id=cab4d006c71685749889142d36d77806): Total: 0.163 seconds - Initiated by StopAssetImportingV2(NoUpdateAssetOptions)
> Collecting Enlighten data
Importing 'GUID: ac260cc40684ede42908192fbd3fa9a0 - Path: Assets/MVL_Temp/LightingData.asset' with importer (NativeFormatImporter)
Imported 'GUID: ac260cc40684ede42908192fbd3fa9a0' -> (Import Result ID: '41f4659ad0f11780f9fc60f47f317067') in 0.001 seconds [static dependencies only]. Details - ImportResultOutputID=e3f4781ea82e8d47651c87edbd9581a3 DependenciesID=c1f5c5ab47de05f0e71cc28ebc1a85d9 StaticDependenciesID=fb1468a6c3f91b0887c94597a7d43be7 
Asset Pipeline Refresh (id=0489c19640eefbc4e953277374ac2b99): Total: 0.049 seconds - Initiated by StopAssetImportingV2(NoUpdateAssetOptions)
Importing 'GUID: 219f14a9288f44c49b286b8ae124c6ed - Path: Assets/MVL_Temp.unity' with importer (DefaultImporter)
Imported 'GUID: 219f14a9288f44c49b286b8ae124c6ed' -> (Import Result ID: '9bc898fc7dccbffe9318d3149c118905') in 0.003 seconds [static dependencies only]. Details - ImportResultOutputID=6aabba4521f6ed98d5ebb2bcdf063753 DependenciesID=156c571bba9750a8fa78a79bdbf6cc41 StaticDependenciesID=d782362c6a444da29d8fe5a92b2c1265 
Asset Pipeline Refresh (id=9b45b8729bb6be948975b5377a12ca6c): Total: 0.061 seconds - Initiated by StopAssetImportingV2(NoUpdateAssetOptions)
[MVL] 完了: 8枚撮影, ベイク5秒
UnityEngine.Debug:ExtractStackTraceNoAlloc (byte*,int,string)
UnityEngine.StackTraceUtility:ExtractStackTrace ()
UnityEngine.DebugLogHandler:Internal_Log (UnityEngine.LogType,UnityEngine.LogOption,string,UnityEngine.Object)
UnityEngine.DebugLogHandler:LogFormat (UnityEngine.LogType,UnityEngine.Object,string,object[])
UnityEngine.Logger:Log (UnityEngine.LogType,object)
UnityEngine.Debug:Log (object)
MVL.SceneBuilder:BuildAndCapture (string,string) (at Assets/Editor/SceneBuilder.cs:130)
MVL.BatchEntry:Run () (at Assets/Editor/SceneBuilder.cs:38)

(Filename: Assets/Editor/SceneBuilder.cs Line: 130)

MonoPathRemapper: Attempts to remap: 25863; Successful remaps: 2
[Licensing::Client] Successfully resolved entitlement details
Serialized file version minimum: 22, current 23
[Physics::Module] Cleanup current backend.
[Physics::Module] Id: 0xf2b8ea05
Input System module state changed to: ShutdownInProgress.
Input Polling Thread exited.
Input System module state changed to: Shutdown.
[Licensing::IpcConnector] LicenseClient-Astra-notifications channel disconnected successfully.
[Licensing::IpcConnector] LicenseClient-Astra channel disconnected successfully.
AcceleratorClientConnectionCallback - disconnected - :0
Cleanup mono
CodeReloadManager destroyed
Checking for leaked weakptr:
  Found no leaked weakptrs.
[Package Manager] Server process was shutdown
##utp:{"type":"MemoryLeaks","version":2,"phase":"Immediate","time":1787664040557,"processId":20692,"allocatedMemory":17709039,"memoryLabels":[{"Default":226533},{"Permanent":15516},{"NewDelete":66723},{"Thread":4205336},{"Manager":838193},{"VertexData":8},{"Geometry":816},{"Texture":24},{"Shader":850351},{"Material":24},{"GfxDevice":58328},{"Animation":952},{"Audio":1544},{"FreeType":8},{"FontEngine":736},{"Physics":2146},{"Physics2D":16},{"Serialization":952},{"Input":42840},{"JobScheduler":256},{"TextLib":280},{"Mono":48},{"MonoCode":64},{"ScriptingNativeRuntime":1583580},{"BaseObject":1621960},{"Resource":1208},{"Renderer":3080},{"Transform":4685},{"File":12908},{"WebCam":616},{"Culling":32},{"Terrain":11442},{"Wind":24},{"STL":40},{"String":14789},{"StaticString":3808},{"Utility":2674870},{"Curl":2559},{"PoolAlloc":2504},{"AI":80},{"TypeTree":17165},{"CodeReload":448},{"RuntimeInitializeOnLoadManager":64},{"Sprites":102},{"SpriteAtlas":120},{"GI":7648},{"Director":8296},{"CloudService":7208},{"WebRequest":15908},{"VR":47114},{"SceneManager":608},{"Video":64},{"LazyScriptCache":32},{"Camera":17},{"Secure":2377},{"SerializationCache":1576},{"APIUpdating":10320},{"Subsystems":336},{"VirtualTexturing":57888},{"StaticSafetyDebugInfo":278528},{"Analytics":552},{"Hierarchy":1176},{"UIElements":72},{"CoreStats":13688},{"Identifiers":6768},{"Gui":128},{"EditorUtility":199006},{"VersionControl":8},{"Undo":931},{"AssetDatabase":4721334},{"AssetImporter":672},{"EditorGi":328},{"ProgressiveLightmapper":2632},{"UnityConnect":38905},{"Upm":1912},{"UpmDiagnostics":8},{"AssetCompliance":64},{"DrivenProperties":72},{"LocalIPC":211},{"ProfilerEditor":9746},{"CoreBusinessMetrics":3480},{"Windowing":456},{"Licensing":1232},{"AssetReference":32},{"IPCStream":32}]}
